Archive member included to satisfy reference by file (symbol)

D:/STM32CUBEIDE/STM32CubeIDE_1.17.0/STM32CubeIDE/plugins/com.st.stm32cube.ide.mcu.externaltools.gnu-tools-for-stm32.12.3.rel1.win32_1.1.0.202410251130/tools/bin/../lib/gcc/arm-none-eabi/12.3.1/../../../../arm-none-eabi/lib/thumb/v7-m/nofp\libc_nano.a(libc_a-calloc.o)
                              ./Core/Src/main.o (calloc)
D:/STM32CUBEIDE/STM32CubeIDE_1.17.0/STM32CubeIDE/plugins/com.st.stm32cube.ide.mcu.externaltools.gnu-tools-for-stm32.12.3.rel1.win32_1.1.0.202410251130/tools/bin/../lib/gcc/arm-none-eabi/12.3.1/../../../../arm-none-eabi/lib/thumb/v7-m/nofp\libc_nano.a(libc_a-callocr.o)
                              D:/STM32CUBEIDE/STM32CubeIDE_1.17.0/STM32CubeIDE/plugins/com.st.stm32cube.ide.mcu.externaltools.gnu-tools-for-stm32.12.3.rel1.win32_1.1.0.202410251130/tools/bin/../lib/gcc/arm-none-eabi/12.3.1/../../../../arm-none-eabi/lib/thumb/v7-m/nofp\libc_nano.a(libc_a-calloc.o) (_calloc_r)
D:/STM32CUBEIDE/STM32CubeIDE_1.17.0/STM32CubeIDE/plugins/com.st.stm32cube.ide.mcu.externaltools.gnu-tools-for-stm32.12.3.rel1.win32_1.1.0.202410251130/tools/bin/../lib/gcc/arm-none-eabi/12.3.1/../../../../arm-none-eabi/lib/thumb/v7-m/nofp\libc_nano.a(libc_a-exit.o)
                              D:/STM32CUBEIDE/STM32CubeIDE_1.17.0/STM32CubeIDE/plugins/com.st.stm32cube.ide.mcu.externaltools.gnu-tools-for-stm32.12.3.rel1.win32_1.1.0.202410251130/tools/bin/../lib/gcc/arm-none-eabi/12.3.1/../../../../arm-none-eabi/lib/thumb/v7-m/nofp/crt0.o (exit)
D:/STM32CUBEIDE/STM32CubeIDE_1.17.0/STM32CubeIDE/plugins/com.st.stm32cube.ide.mcu.externaltools.gnu-tools-for-stm32.12.3.rel1.win32_1.1.0.202410251130/tools/bin/../lib/gcc/arm-none-eabi/12.3.1/../../../../arm-none-eabi/lib/thumb/v7-m/nofp\libc_nano.a(libc_a-malloc.o)
                              ./Core/Src/main.o (free)
D:/STM32CUBEIDE/STM32CubeIDE_1.17.0/STM32CubeIDE/plugins/com.st.stm32cube.ide.mcu.externaltools.gnu-tools-for-stm32.12.3.rel1.win32_1.1.0.202410251130/tools/bin/../lib/gcc/arm-none-eabi/12.3.1/../../../../arm-none-eabi/lib/thumb/v7-m/nofp\libc_nano.a(libc_a-mallocr.o)
                              D:/STM32CUBEIDE/STM32CubeIDE_1.17.0/STM32CubeIDE/plugins/com.st.stm32cube.ide.mcu.externaltools.gnu-tools-for-stm32.12.3.rel1.win32_1.1.0.202410251130/tools/bin/../lib/gcc/arm-none-eabi/12.3.1/../../../../arm-none-eabi/lib/thumb/v7-m/nofp\libc_nano.a(libc_a-callocr.o) (_malloc_r)
D:/STM32CUBEIDE/STM32CubeIDE_1.17.0/STM32CubeIDE/plugins/com.st.stm32cube.ide.mcu.externaltools.gnu-tools-for-stm32.12.3.rel1.win32_1.1.0.202410251130/tools/bin/../lib/gcc/arm-none-eabi/12.3.1/../../../../arm-none-eabi/lib/thumb/v7-m/nofp\libc_nano.a(libc_a-mlock.o)
                              D:/STM32CUBEIDE/STM32CubeIDE_1.17.0/STM32CubeIDE/plugins/com.st.stm32cube.ide.mcu.externaltools.gnu-tools-for-stm32.12.3.rel1.win32_1.1.0.202410251130/tools/bin/../lib/gcc/arm-none-eabi/12.3.1/../../../../arm-none-eabi/lib/thumb/v7-m/nofp\libc_nano.a(libc_a-mallocr.o) (__malloc_lock)
D:/STM32CUBEIDE/STM32CubeIDE_1.17.0/STM32CubeIDE/plugins/com.st.stm32cube.ide.mcu.externaltools.gnu-tools-for-stm32.12.3.rel1.win32_1.1.0.202410251130/tools/bin/../lib/gcc/arm-none-eabi/12.3.1/../../../../arm-none-eabi/lib/thumb/v7-m/nofp\libc_nano.a(libc_a-findfp.o)
                              D:/STM32CUBEIDE/STM32CubeIDE_1.17.0/STM32CubeIDE/plugins/com.st.stm32cube.ide.mcu.externaltools.gnu-tools-for-stm32.12.3.rel1.win32_1.1.0.202410251130/tools/bin/../lib/gcc/arm-none-eabi/12.3.1/../../../../arm-none-eabi/lib/thumb/v7-m/nofp\libc_nano.a(libc_a-exit.o) (__stdio_exit_handler)
D:/STM32CUBEIDE/STM32CubeIDE_1.17.0/STM32CubeIDE/plugins/com.st.stm32cube.ide.mcu.externaltools.gnu-tools-for-stm32.12.3.rel1.win32_1.1.0.202410251130/tools/bin/../lib/gcc/arm-none-eabi/12.3.1/../../../../arm-none-eabi/lib/thumb/v7-m/nofp\libc_nano.a(libc_a-fwalk.o)
                              D:/STM32CUBEIDE/STM32CubeIDE_1.17.0/STM32CubeIDE/plugins/com.st.stm32cube.ide.mcu.externaltools.gnu-tools-for-stm32.12.3.rel1.win32_1.1.0.202410251130/tools/bin/../lib/gcc/arm-none-eabi/12.3.1/../../../../arm-none-eabi/lib/thumb/v7-m/nofp\libc_nano.a(libc_a-findfp.o) (_fwalk_sglue)
D:/STM32CUBEIDE/STM32CubeIDE_1.17.0/STM32CubeIDE/plugins/com.st.stm32cube.ide.mcu.externaltools.gnu-tools-for-stm32.12.3.rel1.win32_1.1.0.202410251130/tools/bin/../lib/gcc/arm-none-eabi/12.3.1/../../../../arm-none-eabi/lib/thumb/v7-m/nofp\libc_nano.a(libc_a-stdio.o)
                              D:/STM32CUBEIDE/STM32CubeIDE_1.17.0/STM32CubeIDE/plugins/com.st.stm32cube.ide.mcu.externaltools.gnu-tools-for-stm32.12.3.rel1.win32_1.1.0.202410251130/tools/bin/../lib/gcc/arm-none-eabi/12.3.1/../../../../arm-none-eabi/lib/thumb/v7-m/nofp\libc_nano.a(libc_a-findfp.o) (__sread)
[...]
Memory Configuration

Name             Origin             Length             Attributes
RAM              0x20000000         0x00005000         xrw
FLASH            0x08000000         0x00010000         xr
*default*        0x00000000         0xffffffff

Linker script and memory map

LOAD D:/STM32CUBEIDE/STM32CubeIDE_1.17.0/STM32CubeIDE/plugins/com.st.stm32cube.ide.mcu.externaltools.gnu-tools-for-stm32.12.3.rel1.win32_1.1.0.202410251130/tools/bin/../lib/gcc/arm-none-eabi/12.3.1/thumb/v7-m/nofp/crti.o
LOAD D:/STM32CUBEIDE/STM32CubeIDE_1.17.0/STM32CubeIDE/plugins/com.st.stm32cube.ide.mcu.externaltools.gnu-tools-for-stm32.12.3.rel1.win32_1.1.0.202410251130/tools/bin/../lib/gcc/arm-none-eabi/12.3.1/thumb/v7-m/nofp/crtbegin.o
LOAD D:/STM32CUBEIDE/STM32CubeIDE_1.17.0/STM32CubeIDE/plugins/com.st.stm32cube.ide.mcu.externaltools.gnu-tools-for-stm32.12.3.rel1.win32_1.1.0.202410251130/tools/bin/../lib/gcc/arm-none-eabi/12.3.1/../../../../arm-none-eabi/lib/thumb/v7-m/nofp/crt0.o
LOAD ./Core/HARDWARE_LAYER/interrupt.o
LOAD ./Core/HARDWARE_LAYER/motor.o
LOAD ./Core/HARDWARE_LAYER/pid.o
LOAD ./Core/HARDWARE_LAYER/read_tick.o
LOAD ./Core/HARDWARE_LAYER/reset_data.o
LOAD ./Core/Src/Frame.o
LOAD ./Core/Src/SPI.o
LOAD ./Core/Src/eprrom.o
LOAD ./Core/Src/led.o
LOAD ./Core/Src/main.o
LOAD ./Core/Src/stm32f1xx_hal_msp.o
LOAD ./Core/Src/stm32f1xx_it.o
LOAD ./Core/Src/syscalls.o
LOAD ./Core/Src/sysmem.o
LOAD ./Core/Src/system_stm32f1xx.o
LOAD ./Core/Startup/startup_stm32f103c8tx.o
LOAD ./Core/function_layer/control_motor.o
LOAD ./Core/function_layer/process_read_tick.o
LOAD ./Core/function_layer/setting_PID.o
LOAD ./Drivers/STM32F1xx_HAL_Driver/Src/stm32f1xx_hal.o
LOAD ./Drivers/STM32F1xx_HAL_Driver/Src/stm32f1xx_hal_adc.o
LOAD ./Drivers/STM32F1xx_HAL_Driver/Src/stm32f1xx_hal_adc_ex.o
LOAD ./Drivers/STM32F1xx_HAL_Driver/Src/stm32f1xx_hal_cortex.o
LOAD ./Drivers/STM32F1xx_HAL_Driver/Src/stm32f1xx_hal_dma.o
LOAD ./Drivers/STM32F1xx_HAL_Driver/Src/stm32f1xx_hal_exti.o
LOAD ./Drivers/STM32F1xx_HAL_Driver/Src/stm32f1xx_hal_flash.o
LOAD ./Drivers/STM32F1xx_HAL_Driver/Src/stm32f1xx_hal_flash_ex.o
LOAD ./Drivers/STM32F1xx_HAL_Driver/Src/stm32f1xx_hal_gpio.o
LOAD ./Drivers/STM32F1xx_HAL_Driver/Src/stm32f1xx_hal_gpio_ex.o
LOAD ./Drivers/STM32F1xx_HAL_Driver/Src/stm32f1xx_hal_i2c.o
LOAD ./Drivers/STM32F1xx_HAL_Driver/Src/stm32f1xx_hal_pwr.o
LOAD ./Drivers/STM32F1xx_HAL_Driver/Src/stm32f1xx_hal_rcc.o
LOAD ./Drivers/STM32F1xx_HAL_Driver/Src/stm32f1xx_hal_rcc_ex.o
LOAD ./Drivers/STM32F1xx_HAL_Driver/Src/stm32f1xx_hal_spi.o
LOAD ./Drivers/STM32F1xx_HAL_Driver/Src/stm32f1xx_hal_tim.o
LOAD ./Drivers/STM32F1xx_HAL_Driver/Src/stm32f1xx_hal_tim_ex.o
LOAD ./Drivers/STM32F1xx_HAL_Driver/Src/stm32f1xx_hal_uart.o
START GROUP
LOAD D:/STM32CUBEIDE/STM32CubeIDE_1.17.0/STM32CubeIDE/plugins/com.st.stm32cube.ide.mcu.externaltools.gnu-tools-for-stm32.12.3.rel1.win32_1.1.0.202410251130/tools/bin/../lib/gcc/arm-none-eabi/12.3.1/../../../../arm-none-eabi/lib/thumb/v7-m/nofp\libc_nano.a
LOAD D:/STM32CUBEIDE/STM32CubeIDE_1.17.0/STM32CubeIDE/plugins/com.st.stm32cube.ide.mcu.externaltools.gnu-tools-for-stm32.12.3.rel1.win32_1.1.0.202410251130/tools/bin/../lib/gcc/arm-none-eabi/12.3.1/../../../../arm-none-eabi/lib/thumb/v7-m/nofp\libm.a
END GROUP
START GROUP
LOAD D:/STM32CUBEIDE/STM32CubeIDE_1.17.0/STM32CubeIDE/plugins/com.st.stm32cube.ide.mcu.externaltools.gnu-tools-for-stm32.12.3.rel1.win32_1.1.0.202410251130/tools/bin/../lib/gcc/arm-none-eabi/12.3.1/thumb/v7-m/nofp\libgcc.a
LOAD D:/STM32CUBEIDE/STM32CubeIDE_1.17.0/STM32CubeIDE/plugins/com.st.stm32cube.ide.mcu.externaltools.gnu-tools-for-stm32.12.3.rel1.win32_1.1.0.202410251130/tools/bin/../lib/gcc/arm-none-eabi/12.3.1/../../../../arm-none-eabi/lib/thumb/v7-m/nofp\libc_nano.a
END GROUP
START GROUP
LOAD D:/STM32CUBEIDE/STM32CubeIDE_1.17.0/STM32CubeIDE/plugins/com.st.stm32cube.ide.mcu.externaltools.gnu-tools-for-stm32.12.3.rel1.win32_1.1.0.202410251130/tools/bin/../lib/gcc/arm-none-eabi/12.3.1/thumb/v7-m/nofp\libgcc.a
LOAD D:/STM32CUBEIDE/STM32CubeIDE_1.17.0/STM32CubeIDE/plugins/com.st.stm32cube.ide.mcu.externaltools.gnu-tools-for-stm32.12.3.rel1.win32_1.1.0.202410251130/tools/bin/../lib/gcc/arm-none-eabi/12.3.1/../../../../arm-none-eabi/lib/thumb/v7-m/nofp\libc_nano.a
LOAD D:/STM32CUBEIDE/STM32CubeIDE_1.17.0/STM32CubeIDE/plugins/com.st.stm32cube.ide.mcu.externaltools.gnu-tools-for-stm32.12.3.rel1.win32_1.1.0.202410251130/tools/bin/../lib/gcc/arm-none-eabi/12.3.1/../../../../arm-none-eabi/lib/thumb/v7-m/nofp\libnosys.a
END GROUP
START GROUP
LOAD D:/STM32CUBEIDE/STM32CubeIDE_1.17.0/STM32CubeIDE/plugins/com.st.stm32cube.ide.mcu.externaltools.gnu-tools-for-stm32.12.3.rel1.win32_1.1.0.202410251130/tools/bin/../lib/gcc/arm-none-eabi/12.3.1/thumb/v7-m/nofp\libgcc.a
LOAD D:/STM32CUBEIDE/STM32CubeIDE_1.17.0/STM32CubeIDE/plugins/com.st.stm32cube.ide.mcu.externaltools.gnu-tools-for-stm32.12.3.rel1.win32_1.1.0.202410251130/tools/bin/../lib/gcc/arm-none-eabi/12.3.1/../../../../arm-none-eabi/lib/thumb/v7-m/nofp\libc_nano.a
LOAD D:/STM32CUBEIDE/STM32CubeIDE_1.17.0/STM32CubeIDE/plugins/com.st.stm32cube.ide.mcu.externaltools.gnu-tools-for-stm32.12.3.rel1.win32_1.1.0.202410251130/tools/bin/../lib/gcc/arm-none-eabi/12.3.1/../../../../arm-none-eabi/lib/thumb/v7-m/nofp\libnosys.a
END GROUP
LOAD D:/STM32CUBEIDE/STM32CubeIDE_1.17.0/STM32CubeIDE/plugins/com.st.stm32cube.ide.mcu.externaltools.gnu-tools-for-stm32.12.3.rel1.win32_1.1.0.202410251130/tools/bin/../lib/gcc/arm-none-eabi/12.3.1/thumb/v7-m/nofp/crtend.o
LOAD D:/STM32CUBEIDE/STM32CubeIDE_1.17.0/STM32CubeIDE/plugins/com.st.stm32cube.ide.mcu.externaltools.gnu-tools-for-stm32.12.3.rel1.win32_1.1.0.202410251130/tools/bin/../lib/gcc/arm-none-eabi/12.3.1/thumb/v7-m/nofp/crtn.o
                0x20005000                        _estack = (ORIGIN (RAM) + LENGTH (RAM))
                0x00000200                        _Min_Heap_Size = 0x200
                0x00000400                        _Min_Stack_Size = 0x400

.isr_vector     0x08000000      0x10c
                0x08000000                        . = ALIGN (0x4)
 *(.isr_vector)
 .isr_vector    0x08000000      0x10c ./Core/Startup/startup_stm32f103c8tx.o
                0x08000000                g_pfnVectors
                0x0800010c                        . = ALIGN (0x4)

.text           0x0800010c     0x7224
                0x0800010c                        . = ALIGN (0x4)
 *(.text)
 .text          0x0800010c       0x40 D:/STM32CUBEIDE/STM32CubeIDE_1.17.0/STM32CubeIDE/plugins/com.st.stm32cube.ide.mcu.externaltools.gnu-tools-for-stm32.12.3.rel1.win32_1.1.0.202410251130/tools/bin/../lib/gcc/arm-none-eabi/12.3.1/thumb/v7-m/nofp/crtbegin.o
 .text          0x0800014c      0x378 D:/STM32CUBEIDE/STM32CubeIDE_1.17.0/STM32CubeIDE/plugins/com.st.stm32cube.ide.mcu.externaltools.gnu-tools-for-stm32.12.3.rel1.win32_1.1.0.202410251130/tools/bin/../lib/gcc/arm-none-eabi/12.3.1/thumb/v7-m/nofp\libgcc.a(_arm_addsubdf3.o)
                0x0800014c                __aeabi_drsub
                0x08000154                __aeabi_dsub
                0x08000154                __subdf3
                0x08000158                __aeabi_dadd
                0x08000158                __adddf3
                0x080003d0                __floatunsidf
                0x080003d0                __aeabi_ui2d
                0x080003f0                __floatsidf
                0x080003f0                __aeabi_i2d
                0x08000414                __aeabi_f2d
                0x08000414                __extendsfdf2
                0x08000458                __floatundidf
                0x08000458                __aeabi_ul2d
                0x08000468                __floatdidf
                0x08000468                __aeabi_l2d
 .text          0x080004c4      0x21c D:/STM32CUBEIDE/STM32CubeIDE_1.17.0/STM32CubeIDE/plugins/com.st.stm32cube.ide.mcu.externaltools.gnu-tools-for-stm32.12.3.rel1.win32_1.1.0.202410251130/tools/bin/../lib/gcc/arm-none-eabi/12.3.1/thumb/v7-m/nofp\libgcc.a(_arm_addsubsf3.o)
                0x080004c4                __aeabi_frsub
                0x080004cc                __subsf3
                0x080004cc                __aeabi_fsub
                0x080004d0                __aeabi_fadd
                0x080004d0                __addsf3
                0x08000630                __aeabi_ui2f
                0x08000630                __floatunsisf
                0x08000638                __aeabi_i2f
                0x08000638                __floatsisf
                0x08000654                __aeabi_ul2f
                0x08000654                __floatundisf
                0x08000664                __aeabi_l2f
                0x08000664                __floatdisf
 .text          0x080006e0      0x2a0 D:/STM32CUBEIDE/STM32CubeIDE_1.17.0/STM32CubeIDE/plugins/com.st.stm32cube.ide.mcu.externaltools.gnu-tools-for-stm32.12.3.rel1.win32_1.1.0.202410251130/tools/bin/../lib/gcc/arm-none-eabi/12.3.1/thumb/v7-m/nofp\libgcc.a(_arm_muldivsf3.o)
                0x080006e0                __mulsf3
                0x080006e0                __aeabi_fmul
                0x08000848                __aeabi_fdiv
                0x08000848                __divsf3
 .text          0x08000980       0x40 D:/STM32CUBEIDE/STM32CubeIDE_1.17.0/STM32CubeIDE/plugins/com.st.stm32cube.ide.mcu.externaltools.gnu-tools-for-stm32.12.3.rel1.win32_1.1.0.202410251130/tools/bin/../lib/gcc/arm-none-eabi/12.3.1/thumb/v7-m/nofp\libgcc.a(_arm_fixunssfsi.o)
                0x08000980                __fixunssfsi
                0x08000980                __aeabi_f2uiz
 *(.text*)
 .text.init_motor
                0x080009c0       0x6c ./Core/HARDWARE_LAYER/motor.o
                0x080009c0                init_motor
 .text.reset_data
                0x08000a2c       0x5c ./Core/HARDWARE_LAYER/reset_data.o
                0x08000a2c                reset_data
 .text.Calculate_CRC16
                0x08000a88       0x78 ./Core/Src/Frame.o
                0x08000a88                Calculate_CRC16
 .text.packframe
                0x08000b00      0x10e ./Core/Src/Frame.o
                0x08000b00                packframe
 .text.Decode_frame
                0x08000c0e       0xba ./Core/Src/Frame.o
                0x08000c0e                Decode_frame
 .text.Decode_Payload
                0x08000cc8       0x70 ./Core/Src/Frame.o
                0x08000cc8                Decode_Payload
 .text.Decode_Position
                0x08000d38       0x7e ./Core/Src/Frame.o
                0x08000d38                Decode_Position
 *fill*         0x08000db6        0x2 
 .text.send_data
                0x08000db8       0x50 ./Core/Src/SPI.o
                0x08000db8                send_data
 .text.Send_Value
                0x08000e08       0x3a ./Core/Src/SPI.o
                0x08000e08                Send_Value
 .text.EEPRROM_WriteBuffer
                0x08000e42       0x38 ./Core/Src/eprrom.o
                0x08000e42                EEPRROM_WriteBuffer
 .text.EEPRROM_ReadBuffer
                0x08000e7a       0x38 ./Core/Src/eprrom.o
                0x08000e7a                EEPRROM_ReadBuffer
 *fill*         0x08000eb2        0x2 
 .text.HAL_TIM_PeriodElapsedCallback
                0x08000eb4       0x6c ./Core/Src/main.o
                0x08000eb4                HAL_TIM_PeriodElapsedCallback
 .text.Xuat_PWM_1
                0x08000f20       0x4c ./Core/Src/main.o
                0x08000f20                Xuat_PWM_1
 .text.HAL_UARTEx_RxEventCallback
                0x08000f6c       0x4c ./Core/Src/main.o
                0x08000f6c                HAL_UARTEx_RxEventCallback
 .text.HAL_UART_TxCpltCallback
                0x08000fb8       0x34 ./Core/Src/main.o
                0x08000fb8                HAL_UART_TxCpltCallback
 .text.Quay_Thuan
                0x08000fec       0x24 ./Core/Src/main.o
                0x08000fec                Quay_Thuan
 .text.Quay_Nghich
                0x08001010       0x24 ./Core/Src/main.o
                0x08001010                Quay_Nghich
 .text.Ngung    0x08001034       0x24 ./Core/Src/main.o
                0x08001034                Ngung
 .text.main     0x08001058      0x408 ./Core/Src/main.o
                0x08001058                main
 .text.SystemClock_Config
                0x08001460       0xa0 ./Core/Src/main.o
                0x08001460                SystemClock_Config
 .text.MX_ADC1_Init
                0x08001500       0x7c ./Core/Src/main.o
 .text.MX_I2C1_Init
                0x0800157c       0x5c ./Core/Src/main.o
 .text.MX_SPI1_Init
                0x080015d8       0x6c ./Core/Src/main.o
 .text.MX_TIM1_Init
                0x08001644       0xb0 ./Core/Src/main.o
 .text.MX_TIM2_Init
                0x080016f4       0xb0 ./Core/Src/main.o
 .text.MX_TIM3_Init
                0x080017a4       0x9c ./Core/Src/main.o
 .text.MX_USART2_UART_Init
                0x08001840       0x54 ./Core/Src/main.o
 .text.MX_DMA_Init
                0x08001894       0x4c ./Core/Src/main.o
 .text.MX_GPIO_Init
                0x080018e0       0xc0 ./Core/Src/main.o
 .text.Error_Handler
                0x080019a0        0xc ./Core/Src/main.o
                0x080019a0                Error_Handler
 .text.HAL_MspInit
                0x080019ac       0x64 ./Core/Src/stm32f1xx_hal_msp.o
                0x080019ac                HAL_MspInit
 .text.HAL_ADC_MspInit
                0x08001a10       0x78 ./Core/Src/stm32f1xx_hal_msp.o
                0x08001a10                HAL_ADC_MspInit
 .text.HAL_I2C_MspInit
                0x08001a88       0xa0 ./Core/Src/stm32f1xx_hal_msp.o
                0x08001a88                HAL_I2C_MspInit
 .text.HAL_SPI_MspInit
                0x08001b28       0x94 ./Core/Src/stm32f1xx_hal_msp.o
                0x08001b28                HAL_SPI_MspInit
 .text.HAL_TIM_Encoder_MspInit
                0x08001bbc       0x80 ./Core/Src/stm32f1xx_hal_msp.o
                0x08001bbc                HAL_TIM_Encoder_MspInit
 .text.HAL_TIM_PWM_MspInit
                0x08001c3c       0x38 ./Core/Src/stm32f1xx_hal_msp.o
                0x08001c3c                HAL_TIM_PWM_MspInit
 .text.HAL_TIM_Base_MspInit
                0x08001c74       0x4c ./Core/Src/stm32f1xx_hal_msp.o
                0x08001c74                HAL_TIM_Base_MspInit
 .text.HAL_TIM_MspPostInit
                0x08001cc0       0x8c ./Core/Src/stm32f1xx_hal_msp.o
                0x08001cc0                HAL_TIM_MspPostInit
 .text.HAL_UART_MspInit
                0x08001d4c      0x150 ./Core/Src/stm32f1xx_hal_msp.o
                0x08001d4c                HAL_UART_MspInit
 .text.NMI_Handler
                0x08001e9c        0x8 ./Core/Src/stm32f1xx_it.o
                0x08001e9c                NMI_Handler
 .text.HardFault_Handler
                0x08001ea4        0x8 ./Core/Src/stm32f1xx_it.o
                0x08001ea4                HardFault_Handler
 .text.MemManage_Handler
                0x08001eac        0x8 ./Core/Src/stm32f1xx_it.o
                0x08001eac                MemManage_Handler
 .text.BusFault_Handler
                0x08001eb4        0x8 ./Core/Src/stm32f1xx_it.o
                0x08001eb4                BusFault_Handler
 .text.UsageFault_Handler
                0x08001ebc        0x8 ./Core/Src/stm32f1xx_it.o
                0x08001ebc                UsageFault_Handler
 .text.SVC_Handler
                0x08001ec4        0xc ./Core/Src/stm32f1xx_it.o
                0x08001ec4                SVC_Handler
 .text.DebugMon_Handler
                0x08001ed0        0xc ./Core/Src/stm32f1xx_it.o
                0x08001ed0                DebugMon_Handler
 .text.PendSV_Handler
                0x08001edc        0xc ./Core/Src/stm32f1xx_it.o
                0x08001edc                PendSV_Handler
 .text.SysTick_Handler
                0x08001ee8        0xc ./Core/Src/stm32f1xx_it.o
                0x08001ee8                SysTick_Handler
 .text.DMA1_Channel6_IRQHandler
                0x08001ef4       0x14 ./Core/Src/stm32f1xx_it.o
                0x08001ef4                DMA1_Channel6_IRQHandler
 .text.DMA1_Channel7_IRQHandler
                0x08001f08       0x14 ./Core/Src/stm32f1xx_it.o
                0x08001f08                DMA1_Channel7_IRQHandler
 .text.TIM3_IRQHandler
                0x08001f1c       0x14 ./Core/Src/stm32f1xx_it.o
                0x08001f1c                TIM3_IRQHandler
 .text.USART2_IRQHandler
                0x08001f30       0x14 ./Core/Src/stm32f1xx_it.o
                0x08001f30                USART2_IRQHandler
 .text._sbrk    0x08001f44       0x6c ./Core/Src/sysmem.o
                0x08001f44                _sbrk
 .text.SystemInit
                0x08001fb0        0xc ./Core/Src/system_stm32f1xx.o
                0x08001fb0                SystemInit
 .text.Reset_Handler
                0x08001fbc       0x48 ./Core/Startup/startup_stm32f103c8tx.o
                0x08001fbc                Reset_Handler
 .text.Default_Handler
                0x08002004        0x2 ./Core/Startup/startup_stm32f103c8tx.o
                0x08002004                RTC_Alarm_IRQHandler
                0x08002004                EXTI2_IRQHandler
                0x08002004                TIM1_CC_IRQHandler
                0x08002004                PVD_IRQHandler
                0x08002004                EXTI3_IRQHandler
                0x08002004                EXTI0_IRQHandler
                0x08002004                I2C2_EV_IRQHandler
                0x08002004                ADC1_2_IRQHandler
                0x08002004                SPI1_IRQHandler
                0x08002004                TAMPER_IRQHandler
                0x08002004                DMA1_Channel4_IRQHandler
                0x08002004                USART3_IRQHandler
                0x08002004                RTC_IRQHandler
                0x08002004                CAN1_RX1_IRQHandler
                0x08002004                TIM4_IRQHandler
                0x08002004                I2C1_EV_IRQHandler
                0x08002004                RCC_IRQHandler
                0x08002004                TIM1_TRG_COM_IRQHandler
                0x08002004                DMA1_Channel1_IRQHandler
                0x08002004                Default_Handler
                0x08002004                EXTI15_10_IRQHandler
                0x08002004                EXTI9_5_IRQHandler
                0x08002004                SPI2_IRQHandler
                0x08002004                DMA1_Channel5_IRQHandler
                0x08002004                EXTI4_IRQHandler
                0x08002004                USB_LP_CAN1_RX0_IRQHandler
                0x08002004                USB_HP_CAN1_TX_IRQHandler
                0x08002004                DMA1_Channel3_IRQHandler
                0x08002004                TIM1_UP_IRQHandler
                0x08002004                WWDG_IRQHandler
                0x08002004                TIM2_IRQHandler
                0x08002004                TIM1_BRK_IRQHandler
                0x08002004                EXTI1_IRQHandler
                0x08002004                I2C2_ER_IRQHandler
                0x08002004                DMA1_Channel2_IRQHandler
                0x08002004                CAN1_SCE_IRQHandler
                0x08002004                FLASH_IRQHandler
                0x08002004                USART1_IRQHandler
                0x08002004                I2C1_ER_IRQHandler
                0x08002004                USBWakeUp_IRQHandler
 *fill*         0x08002006        0x2 
 .text.HAL_Init
                0x08002008       0x2c ./Drivers/STM32F1xx_HAL_Driver/Src/stm32f1xx_hal.o
                0x08002008                HAL_Init
 .text.HAL_InitTick
                0x08002034       0x60 ./Drivers/STM32F1xx_HAL_Driver/Src/stm32f1xx_hal.o
                0x08002034                HAL_InitTick
 .text.HAL_IncTick
                0x08002094       0x24 ./Drivers/STM32F1xx_HAL_Driver/Src/stm32f1xx_hal.o
                0x08002094                HAL_IncTick
 .text.HAL_GetTick
                0x080020b8       0x14 ./Drivers/STM32F1xx_HAL_Driver/Src/stm32f1xx_hal.o
                0x080020b8                HAL_GetTick
 .text.HAL_ADC_Init
                0x080020cc      0x1b0 ./Drivers/STM32F1xx_HAL_Driver/Src/stm32f1xx_hal_adc.o
                0x080020cc                HAL_ADC_Init
 .text.HAL_ADC_ConfigChannel
                0x0800227c      0x1f0 ./Drivers/STM32F1xx_HAL_Driver/Src/stm32f1xx_hal_adc.o
                0x0800227c                HAL_ADC_ConfigChannel
 .text.ADC_ConversionStop_Disable
                0x0800246c       0x82 ./Drivers/STM32F1xx_HAL_Driver/Src/stm32f1xx_hal_adc.o
                0x0800246c                ADC_ConversionStop_Disable
 *fill*         0x080024ee        0x2 
 .text.__NVIC_SetPriorityGrouping
                0x080024f0       0x48 ./Drivers/STM32F1xx_HAL_Driver/Src/stm32f1xx_hal_cortex.o
 .text.__NVIC_GetPriorityGrouping
                0x08002538       0x1c ./Drivers/STM32F1xx_HAL_Driver/Src/stm32f1xx_hal_cortex.o
 .text.__NVIC_EnableIRQ
                0x08002554       0x38 ./Drivers/STM32F1xx_HAL_Driver/Src/stm32f1xx_hal_cortex.o
 .text.__NVIC_SetPriority
                0x0800258c       0x54 ./Drivers/STM32F1xx_HAL_Driver/Src/stm32f1xx_hal_cortex.o
 .text.NVIC_EncodePriority
                0x080025e0       0x64 ./Drivers/STM32F1xx_HAL_Driver/Src/stm32f1xx_hal_cortex.o
 .text.SysTick_Config
                0x08002644       0x44 ./Drivers/STM32F1xx_HAL_Driver/Src/stm32f1xx_hal_cortex.o
 .text.HAL_NVIC_SetPriorityGrouping
                0x08002688       0x16 ./Drivers/STM32F1xx_HAL_Driver/Src/stm32f1xx_hal_cortex.o
                0x08002688                HAL_NVIC_SetPriorityGrouping
 .text.HAL_NVIC_SetPriority
                0x0800269e       0x38 ./Drivers/STM32F1xx_HAL_Driver/Src/stm32f1xx_hal_cortex.o
                0x0800269e                HAL_NVIC_SetPriority
 .text.HAL_NVIC_EnableIRQ
                0x080026d6       0x1c ./Drivers/STM32F1xx_HAL_Driver/Src/stm32f1xx_hal_cortex.o
                0x080026d6                HAL_NVIC_EnableIRQ
 .text.HAL_SYSTICK_Config
                0x080026f2       0x18 ./Drivers/STM32F1xx_HAL_Driver/Src/stm32f1xx_hal_cortex.o
                0x080026f2                HAL_SYSTICK_Config
 *fill*         0x0800270a        0x2 
 .text.HAL_DMA_Init
                0x0800270c       0xb4 ./Drivers/STM32F1xx_HAL_Driver/Src/stm32f1xx_hal_dma.o
                0x0800270c                HAL_DMA_Init
 .text.HAL_DMA_Start_IT
                0x080027c0       0xc0 ./Drivers/STM32F1xx_HAL_Driver/Src/stm32f1xx_hal_dma.o
                0x080027c0                HAL_DMA_Start_IT
 .text.HAL_DMA_Abort
                0x08002880       0x76 ./Drivers/STM32F1xx_HAL_Driver/Src/stm32f1xx_hal_dma.o
                0x08002880                HAL_DMA_Abort
 *fill*         0x080028f6        0x2 
 .text.HAL_DMA_Abort_IT
                0x080028f8       0xf0 ./Drivers/STM32F1xx_HAL_Driver/Src/stm32f1xx_hal_dma.o
                0x080028f8                HAL_DMA_Abort_IT
 .text.HAL_DMA_IRQHandler
                0x080029e8      0x20c ./Drivers/STM32F1xx_HAL_Driver/Src/stm32f1xx_hal_dma.o
                0x080029e8                HAL_DMA_IRQHandler
 .text.DMA_SetConfig
                0x08002bf4       0x5a ./Drivers/STM32F1xx_HAL_Driver/Src/stm32f1xx_hal_dma.o
 *fill*         0x08002c4e        0x2 
 .text.HAL_GPIO_Init
                0x08002c50      0x308 ./Drivers/STM32F1xx_HAL_Driver/Src/stm32f1xx_hal_gpio.o
                0x08002c50                HAL_GPIO_Init
 .text.HAL_GPIO_WritePin
                0x08002f58       0x30 ./Drivers/STM32F1xx_HAL_Driver/Src/stm32f1xx_hal_gpio.o
                0x08002f58                HAL_GPIO_WritePin
 .text.HAL_GPIO_TogglePin
                0x08002f88       0x32 ./Drivers/STM32F1xx_HAL_Driver/Src/stm32f1xx_hal_gpio.o
                0x08002f88                HAL_GPIO_TogglePin
 *fill*         0x08002fba        0x2 
 .text.HAL_I2C_Init
                0x08002fbc      0x288 ./Drivers/STM32F1xx_HAL_Driver/Src/stm32f1xx_hal_i2c.o
                0x08002fbc                HAL_I2C_Init
 .text.HAL_I2C_Mem_Write
                0x08003244      0x1f4 ./Drivers/STM32F1xx_HAL_Driver/Src/stm32f1xx_hal_i2c.o
                0x08003244                HAL_I2C_Mem_Write
 .text.HAL_I2C_Mem_Read
                0x08003438      0x4e8 ./Drivers/STM32F1xx_HAL_Driver/Src/stm32f1xx_hal_i2c.o
                0x08003438                HAL_I2C_Mem_Read
 .text.I2C_RequestMemoryWrite
                0x08003920      0x12c ./Drivers/STM32F1xx_HAL_Driver/Src/stm32f1xx_hal_i2c.o
 .text.I2C_RequestMemoryRead
                0x08003a4c      0x1d0 ./Drivers/STM32F1xx_HAL_Driver/Src/stm32f1xx_hal_i2c.o
 .text.I2C_WaitOnFlagUntilTimeout
                0x08003c1c       0xf4 ./Drivers/STM32F1xx_HAL_Driver/Src/stm32f1xx_hal_i2c.o
 .text.I2C_WaitOnMasterAddressFlagUntilTimeout
                0x08003d10      0x140 ./Drivers/STM32F1xx_HAL_Driver/Src/stm32f1xx_hal_i2c.o
 .text.I2C_WaitOnTXEFlagUntilTimeout
                0x08003e50       0x90 ./Drivers/STM32F1xx_HAL_Driver/Src/stm32f1xx_hal_i2c.o
 .text.I2C_WaitOnBTFFlagUntilTimeout
                0x08003ee0       0x90 ./Drivers/STM32F1xx_HAL_Driver/Src/stm32f1xx_hal_i2c.o
 .text.I2C_WaitOnRXNEFlagUntilTimeout
                0x08003f70       0xba ./Drivers/STM32F1xx_HAL_Driver/Src/stm32f1xx_hal_i2c.o
 .text.I2C_IsAcknowledgeFailed
                0x0800402a       0x5c ./Drivers/STM32F1xx_HAL_Driver/Src/stm32f1xx_hal_i2c.o
 *fill*         0x08004086        0x2 
 .text.HAL_RCC_OscConfig
                0x08004088      0x504 ./Drivers/STM32F1xx_HAL_Driver/Src/stm32f1xx_hal_rcc.o
                0x08004088                HAL_RCC_OscConfig
 .text.HAL_RCC_ClockConfig
                0x0800458c      0x1d4 ./Drivers/STM32F1xx_HAL_Driver/Src/stm32f1xx_hal_rcc.o
                0x0800458c                HAL_RCC_ClockConfig
 .text.HAL_RCC_GetSysClockFreq
                0x08004760       0xa8 ./Drivers/STM32F1xx_HAL_Driver/Src/stm32f1xx_hal_rcc.o
                0x08004760                HAL_RCC_GetSysClockFreq
 .text.HAL_RCC_GetHCLKFreq
                0x08004808       0x14 ./Drivers/STM32F1xx_HAL_Driver/Src/stm32f1xx_hal_rcc.o
                0x08004808                HAL_RCC_GetHCLKFreq
 .text.HAL_RCC_GetPCLK1Freq
                0x0800481c       0x28 ./Drivers/STM32F1xx_HAL_Driver/Src/stm32f1xx_hal_rcc.o
                0x0800481c                HAL_RCC_GetPCLK1Freq
 .text.HAL_RCC_GetPCLK2Freq
                0x08004844       0x28 ./Drivers/STM32F1xx_HAL_Driver/Src/stm32f1xx_hal_rcc.o
                0x08004844                HAL_RCC_GetPCLK2Freq
 .text.RCC_Delay
                0x0800486c       0x3c ./Drivers/STM32F1xx_HAL_Driver/Src/stm32f1xx_hal_rcc.o
 .text.HAL_RCCEx_PeriphCLKConfig
                0x080048a8      0x16c ./Drivers/STM32F1xx_HAL_Driver/Src/stm32f1xx_hal_rcc_ex.o
                0x080048a8                HAL_RCCEx_PeriphCLKConfig
 .text.HAL_SPI_Init
                0x08004a14      0x108 ./Drivers/STM32F1xx_HAL_Driver/Src/stm32f1xx_hal_spi.o
                0x08004a14                HAL_SPI_Init
 .text.HAL_SPI_Transmit
                0x08004b1c      0x288 ./Drivers/STM32F1xx_HAL_Driver/Src/stm32f1xx_hal_spi.o
                0x08004b1c                HAL_SPI_Transmit
 .text.SPI_WaitFlagStateUntilTimeout
                0x08004da4      0x110 ./Drivers/STM32F1xx_HAL_Driver/Src/stm32f1xx_hal_spi.o
 .text.SPI_EndRxTxTransaction
                0x08004eb4       0x62 ./Drivers/STM32F1xx_HAL_Driver/Src/stm32f1xx_hal_spi.o
 .text.HAL_TIM_Base_Init
                0x08004f16       0x9e ./Drivers/STM32F1xx_HAL_Driver/Src/stm32f1xx_hal_tim.o
                0x08004f16                HAL_TIM_Base_Init
 .text.HAL_TIM_Base_Start_IT
                0x08004fb4       0xa4 ./Drivers/STM32F1xx_HAL_Driver/Src/stm32f1xx_hal_tim.o
                0x08004fb4                HAL_TIM_Base_Start_IT
 .text.HAL_TIM_PWM_Init
                0x08005058       0x9e ./Drivers/STM32F1xx_HAL_Driver/Src/stm32f1xx_hal_tim.o
                0x08005058                HAL_TIM_PWM_Init
 *fill*         0x080050f6        0x2 
 .text.HAL_TIM_PWM_Start
                0x080050f8      0x144 ./Drivers/STM32F1xx_HAL_Driver/Src/stm32f1xx_hal_tim.o
                0x080050f8                HAL_TIM_PWM_Start
 .text.HAL_TIM_Encoder_Init
                0x0800523c      0x144 ./Drivers/STM32F1xx_HAL_Driver/Src/stm32f1xx_hal_tim.o
                0x0800523c                HAL_TIM_Encoder_Init
 .text.HAL_TIM_Encoder_Start
                0x08005380      0x11c ./Drivers/STM32F1xx_HAL_Driver/Src/stm32f1xx_hal_tim.o
                0x08005380                HAL_TIM_Encoder_Start
 .text.HAL_TIM_IRQHandler
                0x0800549c      0x1e0 ./Drivers/STM32F1xx_HAL_Driver/Src/stm32f1xx_hal_tim.o
                0x0800549c                HAL_TIM_IRQHandler
 .text.HAL_TIM_PWM_ConfigChannel
                0x0800567c      0x184 ./Drivers/STM32F1xx_HAL_Driver/Src/stm32f1xx_hal_tim.o
                0x0800567c                HAL_TIM_PWM_ConfigChannel
 .text.HAL_TIM_ConfigClockSource
                0x08005800      0x18e ./Drivers/STM32F1xx_HAL_Driver/Src/stm32f1xx_hal_tim.o
                0x08005800                HAL_TIM_ConfigClockSource
 .text.HAL_TIM_OC_DelayElapsedCallback
                0x0800598e       0x12 ./Drivers/STM32F1xx_HAL_Driver/Src/stm32f1xx_hal_tim.o
                0x0800598e                HAL_TIM_OC_DelayElapsedCallback
 .text.HAL_TIM_IC_CaptureCallback
                0x080059a0       0x12 ./Drivers/STM32F1xx_HAL_Driver/Src/stm32f1xx_hal_tim.o
                0x080059a0                HAL_TIM_IC_CaptureCallback
 .text.HAL_TIM_PWM_PulseFinishedCallback
                0x080059b2       0x12 ./Drivers/STM32F1xx_HAL_Driver/Src/stm32f1xx_hal_tim.o
                0x080059b2                HAL_TIM_PWM_PulseFinishedCallback
 .text.HAL_TIM_TriggerCallback
                0x080059c4       0x12 ./Drivers/STM32F1xx_HAL_Driver/Src/stm32f1xx_hal_tim.o
                0x080059c4                HAL_TIM_TriggerCallback
 *fill*         0x080059d6        0x2 
 .text.TIM_Base_SetConfig
                0x080059d8       0xdc ./Drivers/STM32F1xx_HAL_Driver/Src/stm32f1xx_hal_tim.o
                0x080059d8                TIM_Base_SetConfig
 .text.TIM_OC1_SetConfig
                0x08005ab4       0xcc ./Drivers/STM32F1xx_HAL_Driver/Src/stm32f1xx_hal_tim.o
 .text.TIM_OC2_SetConfig
                0x08005b80       0xd4 ./Drivers/STM32F1xx_HAL_Driver/Src/stm32f1xx_hal_tim.o
                0x08005b80                TIM_OC2_SetConfig
 .text.TIM_OC3_SetConfig
                0x08005c54       0xd4 ./Drivers/STM32F1xx_HAL_Driver/Src/stm32f1xx_hal_tim.o
 .text.TIM_OC4_SetConfig
                0x08005d28       0x9c ./Drivers/STM32F1xx_HAL_Driver/Src/stm32f1xx_hal_tim.o
 .text.TIM_TI1_ConfigInputStage
                0x08005dc4       0x5c ./Drivers/STM32F1xx_HAL_Driver/Src/stm32f1xx_hal_tim.o
 .text.TIM_TI2_ConfigInputStage
                0x08005e20       0x5e ./Drivers/STM32F1xx_HAL_Driver/Src/stm32f1xx_hal_tim.o
 .text.TIM_ITRx_SetConfig
                0x08005e7e       0x34 ./Drivers/STM32F1xx_HAL_Driver/Src/stm32f1xx_hal_tim.o
 .text.TIM_ETR_SetConfig
                0x08005eb2       0x3e ./Drivers/STM32F1xx_HAL_Driver/Src/stm32f1xx_hal_tim.o
                0x08005eb2                TIM_ETR_SetConfig
 .text.TIM_CCxChannelCmd
                0x08005ef0       0x48 ./Drivers/STM32F1xx_HAL_Driver/Src/stm32f1xx_hal_tim.o
                0x08005ef0                TIM_CCxChannelCmd
 .text.HAL_TIMEx_MasterConfigSynchronization
                0x08005f38       0xbc ./Drivers/STM32F1xx_HAL_Driver/Src/stm32f1xx_hal_tim_ex.o
                0x08005f38                HAL_TIMEx_MasterConfigSynchronization
 .text.HAL_TIMEx_CommutCallback
                0x08005ff4       0x12 ./Drivers/STM32F1xx_HAL_Driver/Src/stm32f1xx_hal_tim_ex.o
                0x08005ff4                HAL_TIMEx_CommutCallback
 .text.HAL_TIMEx_BreakCallback
                0x08006006       0x12 ./Drivers/STM32F1xx_HAL_Driver/Src/stm32f1xx_hal_tim_ex.o
                0x08006006                HAL_TIMEx_BreakCallback
 .text.HAL_UART_Init
                0x08006018       0xa0 ./Drivers/STM32F1xx_HAL_Driver/Src/stm32f1xx_hal_uart.o
                0x08006018                HAL_UART_Init
 .text.HAL_UART_Transmit_DMA
                0x080060b8       0xe0 ./Drivers/STM32F1xx_HAL_Driver/Src/stm32f1xx_hal_uart.o
                0x080060b8                HAL_UART_Transmit_DMA
 .text.HAL_UARTEx_ReceiveToIdle_DMA
                0x08006198       0xb2 ./Drivers/STM32F1xx_HAL_Driver/Src/stm32f1xx_hal_uart.o
                0x08006198                HAL_UARTEx_ReceiveToIdle_DMA
 *fill*         0x0800624a        0x2 
 .text.HAL_UART_IRQHandler
                0x0800624c      0x524 ./Drivers/STM32F1xx_HAL_Driver/Src/stm32f1xx_hal_uart.o
                0x0800624c                HAL_UART_IRQHandler
 .text.HAL_UART_TxHalfCpltCallback
                0x08006770       0x12 ./Drivers/STM32F1xx_HAL_Driver/Src/stm32f1xx_hal_uart.o
                0x08006770                HAL_UART_TxHalfCpltCallback
 .text.HAL_UART_RxCpltCallback
                0x08006782       0x12 ./Drivers/STM32F1xx_HAL_Driver/Src/stm32f1xx_hal_uart.o
                0x08006782                HAL_UART_RxCpltCallback
 .text.HAL_UART_RxHalfCpltCallback
                0x08006794       0x12 ./Drivers/STM32F1xx_HAL_Driver/Src/stm32f1xx_hal_uart.o
                0x08006794                HAL_UART_RxHalfCpltCallback
 .text.HAL_UART_ErrorCallback
                0x080067a6       0x12 ./Drivers/STM32F1xx_HAL_Driver/Src/stm32f1xx_hal_uart.o
                0x080067a6                HAL_UART_ErrorCallback
 .text.UART_DMATransmitCplt
                0x080067b8       0x9a ./Drivers/STM32F1xx_HAL_Driver/Src/stm32f1xx_hal_uart.o
 .text.UART_DMATxHalfCplt
                0x08006852       0x1c ./Drivers/STM32F1xx_HAL_Driver/Src/stm32f1xx_hal_uart.o
 .text.UART_DMAReceiveCplt
                0x0800686e      0x12c ./Drivers/STM32F1xx_HAL_Driver/Src/stm32f1xx_hal_uart.o
 .text.UART_DMARxHalfCplt
                0x0800699a       0x3c ./Drivers/STM32F1xx_HAL_Driver/Src/stm32f1xx_hal_uart.o
 .text.UART_DMAError
                0x080069d6       0x94 ./Drivers/STM32F1xx_HAL_Driver/Src/stm32f1xx_hal_uart.o
 *fill*         0x08006a6a        0x2 
 .text.UART_Start_Receive_DMA
                0x08006a6c      0x134 ./Drivers/STM32F1xx_HAL_Driver/Src/stm32f1xx_hal_uart.o
                0x08006a6c                UART_Start_Receive_DMA
 .text.UART_EndTxTransfer
                0x08006ba0       0x4e ./Drivers/STM32F1xx_HAL_Driver/Src/stm32f1xx_hal_uart.o
 .text.UART_EndRxTransfer
                0x08006bee       0xc4 ./Drivers/STM32F1xx_HAL_Driver/Src/stm32f1xx_hal_uart.o
 .text.UART_DMAAbortOnError
                0x08006cb2       0x28 ./Drivers/STM32F1xx_HAL_Driver/Src/stm32f1xx_hal_uart.o
 .text.UART_Transmit_IT
                0x08006cda       0x9e ./Drivers/STM32F1xx_HAL_Driver/Src/stm32f1xx_hal_uart.o
 .text.UART_EndTransmit_IT
                0x08006d78       0x30 ./Drivers/STM32F1xx_HAL_Driver/Src/stm32f1xx_hal_uart.o
 .text.UART_Receive_IT
                0x08006da8      0x17c ./Drivers/STM32F1xx_HAL_Driver/Src/stm32f1xx_hal_uart.o
 .text.UART_SetConfig
                0x08006f24      0x11c ./Drivers/STM32F1xx_HAL_Driver/Src/stm32f1xx_hal_uart.o
 .text.calloc   0x08007040       0x10 D:/STM32CUBEIDE/STM32CubeIDE_1.17.0/STM32CubeIDE/plugins/com.st.stm32cube.ide.mcu.externaltools.gnu-tools-for-stm32.12.3.rel1.win32_1.1.0.202410251130/tools/bin/../lib/gcc/arm-none-eabi/12.3.1/../../../../arm-none-eabi/lib/thumb/v7-m/nofp\libc_nano.a(libc_a-calloc.o)
                0x08007040                calloc
 .text._calloc_r
                0x08007050       0x28 D:/STM32CUBEIDE/STM32CubeIDE_1.17.0/STM32CubeIDE/plugins/com.st.stm32cube.ide.mcu.externaltools.gnu-tools-for-stm32.12.3.rel1.win32_1.1.0.202410251130/tools/bin/../lib/gcc/arm-none-eabi/12.3.1/../../../../arm-none-eabi/lib/thumb/v7-m/nofp\libc_nano.a(libc_a-callocr.o)
                0x08007050                _calloc_r
 .text.free     0x08007078       0x10 D:/STM32CUBEIDE/STM32CubeIDE_1.17.0/STM32CubeIDE/plugins/com.st.stm32cube.ide.mcu.externaltools.gnu-tools-for-stm32.12.3.rel1.win32_1.1.0.202410251130/tools/bin/../lib/gcc/arm-none-eabi/12.3.1/../../../../arm-none-eabi/lib/thumb/v7-m/nofp\libc_nano.a(libc_a-malloc.o)
                0x08007078                free
 .text.sbrk_aligned
                0x08007088       0x44 D:/STM32CUBEIDE/STM32CubeIDE_1.17.0/STM32CubeIDE/plugins/com.st.stm32cube.ide.mcu.externaltools.gnu-tools-for-stm32.12.3.rel1.win32_1.1.0.202410251130/tools/bin/../lib/gcc/arm-none-eabi/12.3.1/../../../../arm-none-eabi/lib/thumb/v7-m/nofp\libc_nano.a(libc_a-mallocr.o)
 .text._malloc_r
                0x080070cc      0x100 D:/STM32CUBEIDE/STM32CubeIDE_1.17.0/STM32CubeIDE/plugins/com.st.stm32cube.ide.mcu.externaltools.gnu-tools-for-stm32.12.3.rel1.win32_1.1.0.202410251130/tools/bin/../lib/gcc/arm-none-eabi/12.3.1/../../../../arm-none-eabi/lib/thumb/v7-m/nofp\libc_nano.a(libc_a-mallocr.o)
                0x080070cc                _malloc_r
 .text.__malloc_lock
                0x080071cc        0xc D:/STM32CUBEIDE/STM32CubeIDE_1.17.0/STM32CubeIDE/plugins/com.st.stm32cube.ide.mcu.externaltools.gnu-tools-for-stm32.12.3.rel1.win32_1.1.0.202410251130/tools/bin/../lib/gcc/arm-none-eabi/12.3.1/../../../../arm-none-eabi/lib/thumb/v7-m/nofp\libc_nano.a(libc_a-mlock.o)
                0x080071cc                __malloc_lock
 .text.__malloc_unlock
                0x080071d8        0xc D:/STM32CUBEIDE/STM32CubeIDE_1.17.0/STM32CubeIDE/plugins/com.st.stm32cube.ide.mcu.externaltools.gnu-tools-for-stm32.12.3.rel1.win32_1.1.0.202410251130/tools/bin/../lib/gcc/arm-none-eabi/12.3.1/../../../../arm-none-eabi/lib/thumb/v7-m/nofp\libc_nano.a(libc_a-mlock.o)
                0x080071d8                __malloc_unlock
 .text.memset   0x080071e4       0x10 D:/STM32CUBEIDE/STM32CubeIDE_1.17.0/STM32CubeIDE/plugins/com.st.stm32cube.ide.mcu.externaltools.gnu-tools-for-stm32.12.3.rel1.win32_1.1.0.202410251130/tools/bin/../lib/gcc/arm-none-eabi/12.3.1/../../../../arm-none-eabi/lib/thumb/v7-m/nofp\libc_nano.a(libc_a-memset.o)
                0x080071e4                memset
 .text._sbrk_r  0x080071f4       0x20 D:/STM32CUBEIDE/STM32CubeIDE_1.17.0/STM32CubeIDE/plugins/com.st.stm32cube.ide.mcu.externaltools.gnu-tools-for-stm32.12.3.rel1.win32_1.1.0.202410251130/tools/bin/../lib/gcc/arm-none-eabi/12.3.1/../../../../arm-none-eabi/lib/thumb/v7-m/nofp\libc_nano.a(libc_a-sbrkr.o)
                0x080071f4                _sbrk_r
 .text.__errno  0x08007214        0xc D:/STM32CUBEIDE/STM32CubeIDE_1.17.0/STM32CubeIDE/plugins/com.st.stm32cube.ide.mcu.externaltools.gnu-tools-for-stm32.12.3.rel1.win32_1.1.0.202410251130/tools/bin/../lib/gcc/arm-none-eabi/12.3.1/../../../../arm-none-eabi/lib/thumb/v7-m/nofp\libc_nano.a(libc_a-errno.o)
                0x08007214                __errno
 .text.__libc_init_array
                0x08007220       0x48 D:/STM32CUBEIDE/STM32CubeIDE_1.17.0/STM32CubeIDE/plugins/com.st.stm32cube.ide.mcu.externaltools.gnu-tools-for-stm32.12.3.rel1.win32_1.1.0.202410251130/tools/bin/../lib/gcc/arm-none-eabi/12.3.1/../../../../arm-none-eabi/lib/thumb/v7-m/nofp\libc_nano.a(libc_a-init.o)
                0x08007220                __libc_init_array
 .text.__retarget_lock_acquire_recursive
                0x08007268        0x2 D:/STM32CUBEIDE/STM32CubeIDE_1.17.0/STM32CubeIDE/plugins/com.st.stm32cube.ide.mcu.externaltools.gnu-tools-for-stm32.12.3.rel1.win32_1.1.0.202410251130/tools/bin/../lib/gcc/arm-none-eabi/12.3.1/../../../../arm-none-eabi/lib/thumb/v7-m/nofp\libc_nano.a(libc_a-lock.o)
                0x08007268                __retarget_lock_acquire_recursive
 .text.__retarget_lock_release_recursive
                0x0800726a        0x2 D:/STM32CUBEIDE/STM32CubeIDE_1.17.0/STM32CubeIDE/plugins/com.st.stm32cube.ide.mcu.externaltools.gnu-tools-for-stm32.12.3.rel1.win32_1.1.0.202410251130/tools/bin/../lib/gcc/arm-none-eabi/12.3.1/../../../../arm-none-eabi/lib/thumb/v7-m/nofp\libc_nano.a(libc_a-lock.o)
                0x0800726a                __retarget_lock_release_recursive
 .text.memcpy   0x0800726c       0x1c D:/STM32CUBEIDE/STM32CubeIDE_1.17.0/STM32CubeIDE/plugins/com.st.stm32cube.ide.mcu.externaltools.gnu-tools-for-stm32.12.3.rel1.win32_1.1.0.202410251130/tools/bin/../lib/gcc/arm-none-eabi/12.3.1/../../../../arm-none-eabi/lib/thumb/v7-m/nofp\libc_nano.a(libc_a-memcpy-stub.o)
                0x0800726c                memcpy
 .text._free_r  0x08007288       0x90 D:/STM32CUBEIDE/STM32CubeIDE_1.17.0/STM32CubeIDE/plugins/com.st.stm32cube.ide.mcu.externaltools.gnu-tools-for-stm32.12.3.rel1.win32_1.1.0.202410251130/tools/bin/../lib/gcc/arm-none-eabi/12.3.1/../../../../arm-none-eabi/lib/thumb/v7-m/nofp\libc_nano.a(libc_a-freer.o)
                0x08007288                _free_r
 *(.glue_7)
 .glue_7        0x08007318        0x0 linker stubs
 *(.glue_7t)
 .glue_7t       0x08007318        0x0 linker stubs
 *(.eh_frame)
 .eh_frame      0x08007318        0x0 D:/STM32CUBEIDE/STM32CubeIDE_1.17.0/STM32CubeIDE/plugins/com.st.stm32cube.ide.mcu.externaltools.gnu-tools-for-stm32.12.3.rel1.win32_1.1.0.202410251130/tools/bin/../lib/gcc/arm-none-eabi/12.3.1/thumb/v7-m/nofp/crtbegin.o
 *(.init)
 .init          0x08007318        0x4 D:/STM32CUBEIDE/STM32CubeIDE_1.17.0/STM32CubeIDE/plugins/com.st.stm32cube.ide.mcu.externaltools.gnu-tools-for-stm32.12.3.rel1.win32_1.1.0.202410251130/tools/bin/../lib/gcc/arm-none-eabi/12.3.1/thumb/v7-m/nofp/crti.o
                0x08007318                _init
 .init          0x0800731c        0x8 D:/STM32CUBEIDE/STM32CubeIDE_1.17.0/STM32CubeIDE/plugins/com.st.stm32cube.ide.mcu.externaltools.gnu-tools-for-stm32.12.3.rel1.win32_1.1.0.202410251130/tools/bin/../lib/gcc/arm-none-eabi/12.3.1/thumb/v7-m/nofp/crtn.o
 *(.fini)
 .fini          0x08007324        0x4 D:/STM32CUBEIDE/STM32CubeIDE_1.17.0/STM32CubeIDE/plugins/com.st.stm32cube.ide.mcu.externaltools.gnu-tools-for-stm32.12.3.rel1.win32_1.1.0.202410251130/tools/bin/../lib/gcc/arm-none-eabi/12.3.1/thumb/v7-m/nofp/crti.o
                0x08007324                _fini
 .fini          0x08007328        0x8 D:/STM32CUBEIDE/STM32CubeIDE_1.17.0/STM32CubeIDE/plugins/com.st.stm32cube.ide.mcu.externaltools.gnu-tools-for-stm32.12.3.rel1.win32_1.1.0.202410251130/tools/bin/../lib/gcc/arm-none-eabi/12.3.1/thumb/v7-m/nofp/crtn.o
                0x08007330                        . = ALIGN (0x4)
                0x08007330                        _etext = .

.vfp11_veneer   0x08007330        0x0
 .vfp11_veneer  0x08007330        0x0 linker stubs

.v4_bx          0x08007330        0x0
 .v4_bx         0x08007330        0x0 linker stubs

.iplt           0x08007330        0x0
 .iplt          0x08007330        0x0 D:/STM32CUBEIDE/STM32CubeIDE_1.17.0/STM32CubeIDE/plugins/com.st.stm32cube.ide.mcu.externaltools.gnu-tools-for-stm32.12.3.rel1.win32_1.1.0.202410251130/tools/bin/../lib/gcc/arm-none-eabi/12.3.1/thumb/v7-m/nofp/crtbegin.o

.rodata         0x08007330       0x2c
                0x08007330                        . = ALIGN (0x4)
 *(.rodata)
 *(.rodata*)
 .rodata.AHBPrescTable
                0x08007330       0x10 ./Core/Src/system_stm32f1xx.o
                0x08007330                AHBPrescTable
 .rodata.APBPrescTable
                0x08007340        0x8 ./Core/Src/system_stm32f1xx.o
                0x08007340                APBPrescTable
 .rodata.aPLLMULFactorTable.1
                0x08007348       0x10 ./Drivers/STM32F1xx_HAL_Driver/Src/stm32f1xx_hal_rcc.o
 .rodata.aPredivFactorTable.0
                0x08007358        0x2 ./Drivers/STM32F1xx_HAL_Driver/Src/stm32f1xx_hal_rcc.o
                0x0800735c                        . = ALIGN (0x4)
 *fill*         0x0800735a        0x2 

.ARM.extab      0x0800735c        0x0
                0x0800735c                        . = ALIGN (0x4)
 *(.ARM.extab* .gnu.linkonce.armextab.*)
                0x0800735c                        . = ALIGN (0x4)

.ARM            0x0800735c        0x0
                0x0800735c                        . = ALIGN (0x4)
                0x0800735c                        __exidx_start = .
 *(.ARM.exidx*)
                0x0800735c                        __exidx_end = .
                0x0800735c                        . = ALIGN (0x4)

.preinit_array  0x0800735c        0x0
                0x0800735c                        . = ALIGN (0x4)
                0x0800735c                        PROVIDE (__preinit_array_start = .)
 *(.preinit_array*)
                0x0800735c                        PROVIDE (__preinit_array_end = .)
                0x0800735c                        . = ALIGN (0x4)

.init_array     0x0800735c        0x4
                0x0800735c                        . = ALIGN (0x4)
                0x0800735c                        PROVIDE (__init_array_start = .)
 *(SORT_BY_NAME(.init_array.*))
 *(.init_array*)
 .init_array    0x0800735c        0x4 D:/STM32CUBEIDE/STM32CubeIDE_1.17.0/STM32CubeIDE/plugins/com.st.stm32cube.ide.mcu.externaltools.gnu-tools-for-stm32.12.3.rel1.win32_1.1.0.202410251130/tools/bin/../lib/gcc/arm-none-eabi/12.3.1/thumb/v7-m/nofp/crtbegin.o
                0x08007360                        PROVIDE (__init_array_end = .)
                0x08007360                        . = ALIGN (0x4)

.fini_array     0x08007360        0x4
                0x08007360                        . = ALIGN (0x4)
                [!provide]                        PROVIDE (__fini_array_start = .)
 *(SORT_BY_NAME(.fini_array.*))
 *(.fini_array*)
 .fini_array    0x08007360        0x4 D:/STM32CUBEIDE/STM32CubeIDE_1.17.0/STM32CubeIDE/plugins/com.st.stm32cube.ide.mcu.externaltools.gnu-tools-for-stm32.12.3.rel1.win32_1.1.0.202410251130/tools/bin/../lib/gcc/arm-none-eabi/12.3.1/thumb/v7-m/nofp/crtbegin.o
                [!provide]                        PROVIDE (__fini_array_end = .)
                0x08007364                        . = ALIGN (0x4)
                0x08007364                        _sidata = LOADADDR (.data)

.rel.dyn        0x08007364        0x0
 .rel.iplt      0x08007364        0x0 D:/STM32CUBEIDE/STM32CubeIDE_1.17.0/STM32CubeIDE/plugins/com.st.stm32cube.ide.mcu.externaltools.gnu-tools-for-stm32.12.3.rel1.win32_1.1.0.202410251130/tools/bin/../lib/gcc/arm-none-eabi/12.3.1/thumb/v7-m/nofp/crtbegin.o

.data           0x20000000       0x5c load address 0x08007364
                0x20000000                        . = ALIGN (0x4)
                0x20000000                        _sdata = .
 *(.data)
 *(.data*)
 .data.SystemCoreClock
                0x20000000        0x4 ./Core/Src/system_stm32f1xx.o
                0x20000000                SystemCoreClock
 .data.uwTickPrio
                0x20000004        0x4 ./Drivers/STM32F1xx_HAL_Driver/Src/stm32f1xx_hal.o
                0x20000004                uwTickPrio
 .data.uwTickFreq
                0x20000008        0x1 ./Drivers/STM32F1xx_HAL_Driver/Src/stm32f1xx_hal.o
                0x20000008                uwTickFreq
 *fill*         0x20000009        0x3 
 .data._impure_ptr
                0x2000000c        0x4 D:/STM32CUBEIDE/STM32CubeIDE_1.17.0/STM32CubeIDE/plugins/com.st.stm32cube.ide.mcu.externaltools.gnu-tools-for-stm32.12.3.rel1.win32_1.1.0.202410251130/tools/bin/../lib/gcc/arm-none-eabi/12.3.1/../../../../arm-none-eabi/lib/thumb/v7-m/nofp\libc_nano.a(libc_a-impure.o)
                0x2000000c                _impure_ptr
 .data._impure_data
                0x20000010       0x4c D:/STM32CUBEIDE/STM32CubeIDE_1.17.0/STM32CubeIDE/plugins/com.st.stm32cube.ide.mcu.externaltools.gnu-tools-for-stm32.12.3.rel1.win32_1.1.0.202410251130/tools/bin/../lib/gcc/arm-none-eabi/12.3.1/../../../../arm-none-eabi/lib/thumb/v7-m/nofp\libc_nano.a(libc_a-impure.o)
                0x20000010                _impure_data
 *(.RamFunc)
 *(.RamFunc*)
                0x2000005c                        . = ALIGN (0x4)
                0x2000005c                        _edata = .

.igot.plt       0x2000005c        0x0 load address 0x080073c0
 .igot.plt      0x2000005c        0x0 D:/STM32CUBEIDE/STM32CubeIDE_1.17.0/STM32CubeIDE/plugins/com.st.stm32cube.ide.mcu.externaltools.gnu-tools-for-stm32.12.3.rel1.win32_1.1.0.202410251130/tools/bin/../lib/gcc/arm-none-eabi/12.3.1/thumb/v7-m/nofp/crtbegin.o
                0x2000005c                        . = ALIGN (0x4)

.bss            0x20000060     0x19a4 load address 0x080073c0
                0x20000060                        _sbss = .
                0x20000060                        __bss_start__ = _sbss
 *(.bss)
 .bss           0x20000060       0x1c D:/STM32CUBEIDE/STM32CubeIDE_1.17.0/STM32CubeIDE/plugins/com.st.stm32cube.ide.mcu.externaltools.gnu-tools-for-stm32.12.3.rel1.win32_1.1.0.202410251130/tools/bin/../lib/gcc/arm-none-eabi/12.3.1/thumb/v7-m/nofp/crtbegin.o
 *(.bss*)
 .bss.flag_10ms
                0x2000007c        0x1 ./Core/Src/main.o
                0x2000007c                flag_10ms
 *fill*         0x2000007d        0x3 
 .bss.kp        0x20000080        0x8 ./Core/Src/main.o
                0x20000080                kp
 .bss.ki        0x20000088        0x8 ./Core/Src/main.o
                0x20000088                ki
 .bss.kd        0x20000090        0x8 ./Core/Src/main.o
                0x20000090                kd
 .bss.flag_start
                0x20000098        0x1 ./Core/Src/main.o
                0x20000098                flag_start
 *fill*         0x20000099        0x3 
 .bss.transmit  0x2000009c     0x1390 ./Core/Src/main.o
                0x2000009c                transmit
 .bss.RX_data   0x2000142c       0x64 ./Core/Src/main.o
                0x2000142c                RX_data
 .bss.tran_data
                0x20001490        0x4 ./Core/Src/main.o
                0x20001490                tran_data
 .bss.frameSize
                0x20001494        0x2 ./Core/Src/main.o
                0x20001494                frameSize
 .bss.is_transmitting
                0x20001496        0x1 ./Core/Src/main.o
                0x20001496                is_transmitting
 *fill*         0x20001497        0x1 
 .bss.decode_payload
                0x20001498       0x64 ./Core/Src/main.o
                0x20001498                decode_payload
 .bss.check_da  0x200014fc       0x64 ./Core/Src/main.o
                0x200014fc                check_da
 .bss.check_re  0x20001560       0x64 ./Core/Src/main.o
                0x20001560                check_re
 .bss.check_flag_complete_transmit
                0x200015c4        0x1 ./Core/Src/main.o
                0x200015c4                check_flag_complete_transmit
 *fill*         0x200015c5        0x3 
 .bss.position  0x200015c8       0x10 ./Core/Src/main.o
                0x200015c8                position
 .bss.flag_pos_mode
                0x200015d8        0x1 ./Core/Src/main.o
                0x200015d8                flag_pos_mode
 *fill*         0x200015d9        0x3 
 .bss.hadc1     0x200015dc       0x30 ./Core/Src/main.o
                0x200015dc                hadc1
 .bss.hi2c1     0x2000160c       0x54 ./Core/Src/main.o
                0x2000160c                hi2c1
 .bss.hspi1     0x20001660       0x58 ./Core/Src/main.o
                0x20001660                hspi1
 .bss.htim1     0x200016b8       0x48 ./Core/Src/main.o
                0x200016b8                htim1
 .bss.htim2     0x20001700       0x48 ./Core/Src/main.o
                0x20001700                htim2
 .bss.htim3     0x20001748       0x48 ./Core/Src/main.o
                0x20001748                htim3
 .bss.huart2    0x20001790       0x48 ./Core/Src/main.o
                0x20001790                huart2
 .bss.hdma_usart2_rx
                0x200017d8       0x44 ./Core/Src/main.o
                0x200017d8                hdma_usart2_rx
 .bss.hdma_usart2_tx
                0x2000181c       0x44 ./Core/Src/main.o
                0x2000181c                hdma_usart2_tx
 .bss.motor     0x20001860       0x50 ./Core/Src/main.o
                0x20001860                motor
 .bss.flag_velocity_0x70
                0x200018b0        0x1 ./Core/Src/main.o
                0x200018b0                flag_velocity_0x70
 .bss.flag_velocity_0x71
                0x200018b1        0x1 ./Core/Src/main.o
                0x200018b1                flag_velocity_0x71
 .bss.flag_velocity_0x72
                0x200018b2        0x1 ./Core/Src/main.o
                0x200018b2                flag_velocity_0x72
 *fill*         0x200018b3        0x1 
 .bss.__sbrk_heap_end
                0x200018b4        0x4 ./Core/Src/sysmem.o
 .bss.uwTick    0x200018b8        0x4 ./Drivers/STM32F1xx_HAL_Driver/Src/stm32f1xx_hal.o
                0x200018b8                uwTick
 .bss.__malloc_sbrk_start
                0x200018bc        0x4 D:/STM32CUBEIDE/STM32CubeIDE_1.17.0/STM32CubeIDE/plugins/com.st.stm32cube.ide.mcu.externaltools.gnu-tools-for-stm32.12.3.rel1.win32_1.1.0.202410251130/tools/bin/../lib/gcc/arm-none-eabi/12.3.1/../../../../arm-none-eabi/lib/thumb/v7-m/nofp\libc_nano.a(libc_a-mallocr.o)
                0x200018bc                __malloc_sbrk_start
 .bss.__malloc_free_list
                0x200018c0        0x4 D:/STM32CUBEIDE/STM32CubeIDE_1.17.0/STM32CubeIDE/plugins/com.st.stm32cube.ide.mcu.externaltools.gnu-tools-for-stm32.12.3.rel1.win32_1.1.0.202410251130/tools/bin/../lib/gcc/arm-none-eabi/12.3.1/../../../../arm-none-eabi/lib/thumb/v7-m/nofp\libc_nano.a(libc_a-mallocr.o)
                0x200018c0                __malloc_free_list
 .bss.__sf      0x200018c4      0x138 D:/STM32CUBEIDE/STM32CubeIDE_1.17.0/STM32CubeIDE/plugins/com.st.stm32cube.ide.mcu.externaltools.gnu-tools-for-stm32.12.3.rel1.win32_1.1.0.202410251130/tools/bin/../lib/gcc/arm-none-eabi/12.3.1/../../../../arm-none-eabi/lib/thumb/v7-m/nofp\libc_nano.a(libc_a-findfp.o)
                0x200018c4                __sf
 .bss.errno     0x200019fc        0x4 D:/STM32CUBEIDE/STM32CubeIDE_1.17.0/STM32CubeIDE/plugins/com.st.stm32cube.ide.mcu.externaltools.gnu-tools-for-stm32.12.3.rel1.win32_1.1.0.202410251130/tools/bin/../lib/gcc/arm-none-eabi/12.3.1/../../../../arm-none-eabi/lib/thumb/v7-m/nofp\libc_nano.a(libc_a-reent.o)
                0x200019fc                errno
 .bss.__lock___malloc_recursive_mutex
                0x20001a00        0x1 D:/STM32CUBEIDE/STM32CubeIDE_1.17.0/STM32CubeIDE/plugins/com.st.stm32cube.ide.mcu.externaltools.gnu-tools-for-stm32.12.3.rel1.win32_1.1.0.202410251130/tools/bin/../lib/gcc/arm-none-eabi/12.3.1/../../../../arm-none-eabi/lib/thumb/v7-m/nofp\libc_nano.a(libc_a-lock.o)
                0x20001a00                __lock___malloc_recursive_mutex
 *(COMMON)
                0x20001a04                        . = ALIGN (0x4)
 *fill*         0x20001a01        0x3 
                0x20001a04                        _ebss = .
                0x20001a04                        __bss_end__ = _ebss

._user_heap_stack
                0x20001a04      0x604 load address 0x080073c0
                0x20001a08                        . = ALIGN (0x8)
 *fill*         0x20001a04        0x4 
                [!provide]                        PROVIDE (end = .)
                0x20001a08                        PROVIDE (_end = .)
                0x20001c08                        . = (. + _Min_Heap_Size)
 *fill*         0x20001a08      0x200 
                0x20002008                        . = (. + _Min_Stack_Size)
 *fill*         0x20001c08      0x400 
                0x20002008                        . = ALIGN (0x8)

/DISCARD/
 libc.a(*)
 libm.a(*)
 libgcc.a(*)

.ARM.attributes
                0x00000000       0x29
 *(.ARM.attributes)
 .ARM.attributes
                0x00000000       0x1d D:/STM32CUBEIDE/STM32CubeIDE_1.17.0/STM32CubeIDE/plugins/com.st.stm32cube.ide.mcu.externaltools.gnu-tools-for-stm32.12.3.rel1.win32_1.1.0.202410251130/tools/bin/../lib/gcc/arm-none-eabi/12.3.1/thumb/v7-m/nofp/crti.o
 .ARM.attributes
                0x0000001d       0x2d D:/STM32CUBEIDE/STM32CubeIDE_1.17.0/STM32CubeIDE/plugins/com.st.stm32cube.ide.mcu.externaltools.gnu-tools-for-stm32.12.3.rel1.win32_1.1.0.202410251130/tools/bin/../lib/gcc/arm-none-eabi/12.3.1/thumb/v7-m/nofp/crtbegin.o
 .ARM.attributes
                0x0000004a       0x2d ./Core/HARDWARE_LAYER/motor.o
 .ARM.attributes
                0x00000077       0x2d ./Core/HARDWARE_LAYER/reset_data.o
 .ARM.attributes
                0x000000a4       0x2d ./Core/Src/Frame.o
 .ARM.attributes
                0x000000d1       0x2d ./Core/Src/SPI.o
 .ARM.attributes
                0x000000fe       0x2d ./Core/Src/eprrom.o
 .ARM.attributes
                0x0000012b       0x2d ./Core/Src/main.o
 .ARM.attributes
                0x00000158       0x2d ./Core/Src/stm32f1xx_hal_msp.o
 .ARM.attributes
                0x00000185       0x2d ./Core/Src/stm32f1xx_it.o
 .ARM.attributes
                0x000001b2       0x2d ./Core/Src/sysmem.o
 .ARM.attributes
                0x000001df       0x2d ./Core/Src/system_stm32f1xx.o
 .ARM.attributes
                0x0000020c       0x21 ./Core/Startup/startup_stm32f103c8tx.o
 .ARM.attributes
                0x0000022d       0x2d ./Drivers/STM32F1xx_HAL_Driver/Src/stm32f1xx_hal.o
 .ARM.attributes
                0x0000025a       0x2d ./Drivers/STM32F1xx_HAL_Driver/Src/stm32f1xx_hal_adc.o
 .ARM.attributes
                0x00000287       0x2d ./Drivers/STM32F1xx_HAL_Driver/Src/stm32f1xx_hal_cortex.o
 .ARM.attributes
                0x000002b4       0x2d ./Drivers/STM32F1xx_HAL_Driver/Src/stm32f1xx_hal_dma.o
 .ARM.attributes
                0x000002e1       0x2d ./Drivers/STM32F1xx_HAL_Driver/Src/stm32f1xx_hal_gpio.o
 .ARM.attributes
                0x0000030e       0x2d ./Drivers/STM32F1xx_HAL_Driver/Src/stm32f1xx_hal_i2c.o
 .ARM.attributes
                0x0000033b       0x2d ./Drivers/STM32F1xx_HAL_Driver/Src/stm32f1xx_hal_rcc.o
 .ARM.attributes
                0x00000368       0x2d ./Drivers/STM32F1xx_HAL_Driver/Src/stm32f1xx_hal_rcc_ex.o
 .ARM.attributes
                0x00000395       0x2d ./Drivers/STM32F1xx_HAL_Driver/Src/stm32f1xx_hal_spi.o
 .ARM.attributes
                0x000003c2       0x2d ./Drivers/STM32F1xx_HAL_Driver/Src/stm32f1xx_hal_tim.o
 .ARM.attributes
                0x000003ef       0x2d ./Drivers/STM32F1xx_HAL_Driver/Src/stm32f1xx_hal_tim_ex.o
 .ARM.attributes
                0x0000041c       0x2d ./Drivers/STM32F1xx_HAL_Driver/Src/stm32f1xx_hal_uart.o
 .ARM.attributes
                0x00000449       0x2d D:/STM32CUBEIDE/STM32CubeIDE_1.17.0/STM32CubeIDE/plugins/com.st.stm32cube.ide.mcu.externaltools.gnu-tools-for-stm32.12.3.rel1.win32_1.1.0.202410251130/tools/bin/../lib/gcc/arm-none-eabi/12.3.1/../../../../arm-none-eabi/lib/thumb/v7-m/nofp\libc_nano.a(libc_a-calloc.o)
 .ARM.attributes
                0x00000476       0x2d D:/STM32CUBEIDE/STM32CubeIDE_1.17.0/STM32CubeIDE/plugins/com.st.stm32cube.ide.mcu.externaltools.gnu-tools-for-stm32.12.3.rel1.win32_1.1.0.202410251130/tools/bin/../lib/gcc/arm-none-eabi/12.3.1/../../../../arm-none-eabi/lib/thumb/v7-m/nofp\libc_nano.a(libc_a-callocr.o)
 .ARM.attributes
                0x000004a3       0x2d D:/STM32CUBEIDE/STM32CubeIDE_1.17.0/STM32CubeIDE/plugins/com.st.stm32cube.ide.mcu.externaltools.gnu-tools-for-stm32.12.3.rel1.win32_1.1.0.202410251130/tools/bin/../lib/gcc/arm-none-eabi/12.3.1/../../../../arm-none-eabi/lib/thumb/v7-m/nofp\libc_nano.a(libc_a-malloc.o)
 .ARM.attributes
                0x000004d0       0x2d D:/STM32CUBEIDE/STM32CubeIDE_1.17.0/STM32CubeIDE/plugins/com.st.stm32cube.ide.mcu.externaltools.gnu-tools-for-stm32.12.3.rel1.win32_1.1.0.202410251130/tools/bin/../lib/gcc/arm-none-eabi/12.3.1/../../../../arm-none-eabi/lib/thumb/v7-m/nofp\libc_nano.a(libc_a-mallocr.o)
 .ARM.attributes
                0x000004fd       0x2d D:/STM32CUBEIDE/STM32CubeIDE_1.17.0/STM32CubeIDE/plugins/com.st.stm32cube.ide.mcu.externaltools.gnu-tools-for-stm32.12.3.rel1.win32_1.1.0.202410251130/tools/bin/../lib/gcc/arm-none-eabi/12.3.1/../../../../arm-none-eabi/lib/thumb/v7-m/nofp\libc_nano.a(libc_a-mlock.o)
 .ARM.attributes
                0x0000052a       0x2d D:/STM32CUBEIDE/STM32CubeIDE_1.17.0/STM32CubeIDE/plugins/com.st.stm32cube.ide.mcu.externaltools.gnu-tools-for-stm32.12.3.rel1.win32_1.1.0.202410251130/tools/bin/../lib/gcc/arm-none-eabi/12.3.1/../../../../arm-none-eabi/lib/thumb/v7-m/nofp\libc_nano.a(libc_a-findfp.o)
 .ARM.attributes
                0x00000557       0x2d D:/STM32CUBEIDE/STM32CubeIDE_1.17.0/STM32CubeIDE/plugins/com.st.stm32cube.ide.mcu.externaltools.gnu-tools-for-stm32.12.3.rel1.win32_1.1.0.202410251130/tools/bin/../lib/gcc/arm-none-eabi/12.3.1/../../../../arm-none-eabi/lib/thumb/v7-m/nofp\libc_nano.a(libc_a-memset.o)
 .ARM.attributes
                0x00000584       0x2d D:/STM32CUBEIDE/STM32CubeIDE_1.17.0/STM32CubeIDE/plugins/com.st.stm32cube.ide.mcu.externaltools.gnu-tools-for-stm32.12.3.rel1.win32_1.1.0.202410251130/tools/bin/../lib/gcc/arm-none-eabi/12.3.1/../../../../arm-none-eabi/lib/thumb/v7-m/nofp\libc_nano.a(libc_a-reent.o)
 .ARM.attributes
                0x000005b1       0x2d D:/STM32CUBEIDE/STM32CubeIDE_1.17.0/STM32CubeIDE/plugins/com.st.stm32cube.ide.mcu.externaltools.gnu-tools-for-stm32.12.3.rel1.win32_1.1.0.202410251130/tools/bin/../lib/gcc/arm-none-eabi/12.3.1/../../../../arm-none-eabi/lib/thumb/v7-m/nofp\libc_nano.a(libc_a-impure.o)
 .ARM.attributes
                0x000005de       0x2d D:/STM32CUBEIDE/STM32CubeIDE_1.17.0/STM32CubeIDE/plugins/com.st.stm32cube.ide.mcu.externaltools.gnu-tools-for-stm32.12.3.rel1.win32_1.1.0.202410251130/tools/bin/../lib/gcc/arm-none-eabi/12.3.1/../../../../arm-none-eabi/lib/thumb/v7-m/nofp\libc_nano.a(libc_a-sbrkr.o)
 .ARM.attributes
                0x0000060b       0x2d D:/STM32CUBEIDE/STM32CubeIDE_1.17.0/STM32CubeIDE/plugins/com.st.stm32cube.ide.mcu.externaltools.gnu-tools-for-stm32.12.3.rel1.win32_1.1.0.202410251130/tools/bin/../lib/gcc/arm-none-eabi/12.3.1/../../../../arm-none-eabi/lib/thumb/v7-m/nofp\libc_nano.a(libc_a-errno.o)
 .ARM.attributes
                0x00000638       0x2d D:/STM32CUBEIDE/STM32CubeIDE_1.17.0/STM32CubeIDE/plugins/com.st.stm32cube.ide.mcu.externaltools.gnu-tools-for-stm32.12.3.rel1.win32_1.1.0.202410251130/tools/bin/../lib/gcc/arm-none-eabi/12.3.1/../../../../arm-none-eabi/lib/thumb/v7-m/nofp\libc_nano.a(libc_a-init.o)
 .ARM.attributes
                0x00000665       0x2d D:/STM32CUBEIDE/STM32CubeIDE_1.17.0/STM32CubeIDE/plugins/com.st.stm32cube.ide.mcu.externaltools.gnu-tools-for-stm32.12.3.rel1.win32_1.1.0.202410251130/tools/bin/../lib/gcc/arm-none-eabi/12.3.1/../../../../arm-none-eabi/lib/thumb/v7-m/nofp\libc_nano.a(libc_a-lock.o)
 .ARM.attributes
                0x00000692       0x2d D:/STM32CUBEIDE/STM32CubeIDE_1.17.0/STM32CubeIDE/plugins/com.st.stm32cube.ide.mcu.externaltools.gnu-tools-for-stm32.12.3.rel1.win32_1.1.0.202410251130/tools/bin/../lib/gcc/arm-none-eabi/12.3.1/../../../../arm-none-eabi/lib/thumb/v7-m/nofp\libc_nano.a(libc_a-memcpy-stub.o)
 .ARM.attributes
                0x000006bf       0x2d D:/STM32CUBEIDE/STM32CubeIDE_1.17.0/STM32CubeIDE/plugins/com.st.stm32cube.ide.mcu.externaltools.gnu-tools-for-stm32.12.3.rel1.win32_1.1.0.202410251130/tools/bin/../lib/gcc/arm-none-eabi/12.3.1/../../../../arm-none-eabi/lib/thumb/v7-m/nofp\libc_nano.a(libc_a-freer.o)
 .ARM.attributes
                0x000006ec       0x1d D:/STM32CUBEIDE/STM32CubeIDE_1.17.0/STM32CubeIDE/plugins/com.st.stm32cube.ide.mcu.externaltools.gnu-tools-for-stm32.12.3.rel1.win32_1.1.0.202410251130/tools/bin/../lib/gcc/arm-none-eabi/12.3.1/thumb/v7-m/nofp\libgcc.a(_arm_addsubdf3.o)
 .ARM.attributes
                0x00000709       0x1d D:/STM32CUBEIDE/STM32CubeIDE_1.17.0/STM32CubeIDE/plugins/com.st.stm32cube.ide.mcu.externaltools.gnu-tools-for-stm32.12.3.rel1.win32_1.1.0.202410251130/tools/bin/../lib/gcc/arm-none-eabi/12.3.1/thumb/v7-m/nofp\libgcc.a(_arm_addsubsf3.o)
 .ARM.attributes
                0x00000726       0x1d D:/STM32CUBEIDE/STM32CubeIDE_1.17.0/STM32CubeIDE/plugins/com.st.stm32cube.ide.mcu.externaltools.gnu-tools-for-stm32.12.3.rel1.win32_1.1.0.202410251130/tools/bin/../lib/gcc/arm-none-eabi/12.3.1/thumb/v7-m/nofp\libgcc.a(_arm_muldivsf3.o)
 .ARM.attributes
                0x00000743       0x1d D:/STM32CUBEIDE/STM32CubeIDE_1.17.0/STM32CubeIDE/plugins/com.st.stm32cube.ide.mcu.externaltools.gnu-tools-for-stm32.12.3.rel1.win32_1.1.0.202410251130/tools/bin/../lib/gcc/arm-none-eabi/12.3.1/thumb/v7-m/nofp\libgcc.a(_arm_fixunssfsi.o)
 .ARM.attributes
                0x00000760       0x1d D:/STM32CUBEIDE/STM32CubeIDE_1.17.0/STM32CubeIDE/plugins/com.st.stm32cube.ide.mcu.externaltools.gnu-tools-for-stm32.12.3.rel1.win32_1.1.0.202410251130/tools/bin/../lib/gcc/arm-none-eabi/12.3.1/thumb/v7-m/nofp/crtn.o
OUTPUT(BTL_DLDKMTF103C8T6.elf elf32-littlearm)
LOAD linker stubs
LOAD D:/STM32CUBEIDE/STM32CubeIDE_1.17.0/STM32CubeIDE/plugins/com.st.stm32cube.ide.mcu.externaltools.gnu-tools-for-stm32.12.3.rel1.win32_1.1.0.202410251130/tools/bin/../lib/gcc/arm-none-eabi/12.3.1/../../../../arm-none-eabi/lib/thumb/v7-m/nofp\libc.a
LOAD D:/STM32CUBEIDE/STM32CubeIDE_1.17.0/STM32CubeIDE/plugins/com.st.stm32cube.ide.mcu.externaltools.gnu-tools-for-stm32.12.3.rel1.win32_1.1.0.202410251130/tools/bin/../lib/gcc/arm-none-eabi/12.3.1/../../../../arm-none-eabi/lib/thumb/v7-m/nofp\libm.a
LOAD D:/STM32CUBEIDE/STM32CubeIDE_1.17.0/STM32CubeIDE/plugins/com.st.stm32cube.ide.mcu.externaltools.gnu-tools-for-stm32.12.3.rel1.win32_1.1.0.202410251130/tools/bin/../lib/gcc/arm-none-eabi/12.3.1/thumb/v7-m/nofp\libgcc.a

.debug_info     0x00000000    0x146bc
 .debug_info    0x00000000      0x92a ./Core/HARDWARE_LAYER/motor.o
 .debug_info    0x0000092a      0x7b3 ./Core/HARDWARE_LAYER/reset_data.o
 .debug_info    0x000010dd      0x3b0 ./Core/Src/Frame.o
 .debug_info    0x0000148d      0x6f2 ./Core/Src/SPI.o
 .debug_info    0x00001b7f      0x6a0 ./Core/Src/eprrom.o
 .debug_info    0x0000221f     0x2350 ./Core/Src/main.o
 .debug_info    0x0000456f     0x17e0 ./Core/Src/stm32f1xx_hal_msp.o
 .debug_info    0x00005d4f      0x994 ./Core/Src/stm32f1xx_it.o
 .debug_info    0x000066e3      0x168 ./Core/Src/sysmem.o
 .debug_info    0x0000684b      0x222 ./Core/Src/system_stm32f1xx.o
 .debug_info    0x00006a6d       0x30 ./Core/Startup/startup_stm32f103c8tx.o
 .debug_info    0x00006a9d      0x704 ./Drivers/STM32F1xx_HAL_Driver/Src/stm32f1xx_hal.o
 .debug_info    0x000071a1      0xc50 ./Drivers/STM32F1xx_HAL_Driver/Src/stm32f1xx_hal_adc.o
 .debug_info    0x00007df1      0xa87 ./Drivers/STM32F1xx_HAL_Driver/Src/stm32f1xx_hal_cortex.o
 .debug_info    0x00008878      0x6d2 ./Drivers/STM32F1xx_HAL_Driver/Src/stm32f1xx_hal_dma.o
 .debug_info    0x00008f4a      0x5ab ./Drivers/STM32F1xx_HAL_Driver/Src/stm32f1xx_hal_gpio.o
 .debug_info    0x000094f5     0x2524 ./Drivers/STM32F1xx_HAL_Driver/Src/stm32f1xx_hal_i2c.o
 .debug_info    0x0000ba19      0x7d5 ./Drivers/STM32F1xx_HAL_Driver/Src/stm32f1xx_hal_rcc.o
 .debug_info    0x0000c1ee      0x3c0 ./Drivers/STM32F1xx_HAL_Driver/Src/stm32f1xx_hal_rcc_ex.o
 .debug_info    0x0000c5ae     0x142d ./Drivers/STM32F1xx_HAL_Driver/Src/stm32f1xx_hal_spi.o
 .debug_info    0x0000d9db     0x2959 ./Drivers/STM32F1xx_HAL_Driver/Src/stm32f1xx_hal_tim.o
 .debug_info    0x00010334     0x149b ./Drivers/STM32F1xx_HAL_Driver/Src/stm32f1xx_hal_tim_ex.o
 .debug_info    0x000117cf     0x2eed ./Drivers/STM32F1xx_HAL_Driver/Src/stm32f1xx_hal_uart.o

.debug_abbrev   0x00000000     0x2d9c
 .debug_abbrev  0x00000000      0x1be ./Core/HARDWARE_LAYER/motor.o
 .debug_abbrev  0x000001be      0x172 ./Core/HARDWARE_LAYER/reset_data.o
 .debug_abbrev  0x00000330      0x166 ./Core/Src/Frame.o
 .debug_abbrev  0x00000496      0x1d5 ./Core/Src/SPI.o
 .debug_abbrev  0x0000066b      0x16d ./Core/Src/eprrom.o
 .debug_abbrev  0x000007d8      0x352 ./Core/Src/main.o
 .debug_abbrev  0x00000b2a      0x27c ./Core/Src/stm32f1xx_hal_msp.o
 .debug_abbrev  0x00000da6      0x19b ./Core/Src/stm32f1xx_it.o
 .debug_abbrev  0x00000f41       0xbc ./Core/Src/sysmem.o
 .debug_abbrev  0x00000ffd      0x13f ./Core/Src/system_stm32f1xx.o
 .debug_abbrev  0x0000113c       0x24 ./Core/Startup/startup_stm32f103c8tx.o
 .debug_abbrev  0x00001160      0x201 ./Drivers/STM32F1xx_HAL_Driver/Src/stm32f1xx_hal.o
 .debug_abbrev  0x00001361      0x225 ./Drivers/STM32F1xx_HAL_Driver/Src/stm32f1xx_hal_adc.o
 .debug_abbrev  0x00001586      0x2f8 ./Drivers/STM32F1xx_HAL_Driver/Src/stm32f1xx_hal_cortex.o
 .debug_abbrev  0x0000187e      0x20b ./Drivers/STM32F1xx_HAL_Driver/Src/stm32f1xx_hal_dma.o
 .debug_abbrev  0x00001a89      0x1ca ./Drivers/STM32F1xx_HAL_Driver/Src/stm32f1xx_hal_gpio.o
 .debug_abbrev  0x00001c53      0x2a3 ./Drivers/STM32F1xx_HAL_Driver/Src/stm32f1xx_hal_i2c.o
 .debug_abbrev  0x00001ef6      0x2b3 ./Drivers/STM32F1xx_HAL_Driver/Src/stm32f1xx_hal_rcc.o
 .debug_abbrev  0x000021a9      0x188 ./Drivers/STM32F1xx_HAL_Driver/Src/stm32f1xx_hal_rcc_ex.o
 .debug_abbrev  0x00002331      0x27a ./Drivers/STM32F1xx_HAL_Driver/Src/stm32f1xx_hal_spi.o
 .debug_abbrev  0x000025ab      0x277 ./Drivers/STM32F1xx_HAL_Driver/Src/stm32f1xx_hal_tim.o
 .debug_abbrev  0x00002822      0x282 ./Drivers/STM32F1xx_HAL_Driver/Src/stm32f1xx_hal_tim_ex.o
 .debug_abbrev  0x00002aa4      0x2f8 ./Drivers/STM32F1xx_HAL_Driver/Src/stm32f1xx_hal_uart.o

.debug_aranges  0x00000000     0x1360
 .debug_aranges
                0x00000000       0x38 ./Core/HARDWARE_LAYER/motor.o
 .debug_aranges
                0x00000038       0x20 ./Core/HARDWARE_LAYER/reset_data.o
 .debug_aranges
                0x00000058       0x48 ./Core/Src/Frame.o
 .debug_aranges
                0x000000a0       0x30 ./Core/Src/SPI.o
 .debug_aranges
                0x000000d0       0x28 ./Core/Src/eprrom.o
 .debug_aranges
                0x000000f8       0xc0 ./Core/Src/main.o
 .debug_aranges
                0x000001b8       0x98 ./Core/Src/stm32f1xx_hal_msp.o
 .debug_aranges
                0x00000250       0x80 ./Core/Src/stm32f1xx_it.o
 .debug_aranges
                0x000002d0       0x20 ./Core/Src/sysmem.o
 .debug_aranges
                0x000002f0       0x28 ./Core/Src/system_stm32f1xx.o
 .debug_aranges
                0x00000318       0x28 ./Core/Startup/startup_stm32f103c8tx.o
 .debug_aranges
                0x00000340       0xe0 ./Drivers/STM32F1xx_HAL_Driver/Src/stm32f1xx_hal.o
 .debug_aranges
                0x00000420       0xf0 ./Drivers/STM32F1xx_HAL_Driver/Src/stm32f1xx_hal_adc.o
 .debug_aranges
                0x00000510      0x100 ./Drivers/STM32F1xx_HAL_Driver/Src/stm32f1xx_hal_cortex.o
 .debug_aranges
                0x00000610       0x80 ./Drivers/STM32F1xx_HAL_Driver/Src/stm32f1xx_hal_dma.o
 .debug_aranges
                0x00000690       0x58 ./Drivers/STM32F1xx_HAL_Driver/Src/stm32f1xx_hal_gpio.o
 .debug_aranges
                0x000006e8      0x2a8 ./Drivers/STM32F1xx_HAL_Driver/Src/stm32f1xx_hal_i2c.o
 .debug_aranges
                0x00000990       0x90 ./Drivers/STM32F1xx_HAL_Driver/Src/stm32f1xx_hal_rcc.o
 .debug_aranges
                0x00000a20       0x30 ./Drivers/STM32F1xx_HAL_Driver/Src/stm32f1xx_hal_rcc_ex.o
 .debug_aranges
                0x00000a50      0x1d0 ./Drivers/STM32F1xx_HAL_Driver/Src/stm32f1xx_hal_spi.o
 .debug_aranges
                0x00000c20      0x3d0 ./Drivers/STM32F1xx_HAL_Driver/Src/stm32f1xx_hal_tim.o
 .debug_aranges
                0x00000ff0      0x168 ./Drivers/STM32F1xx_HAL_Driver/Src/stm32f1xx_hal_tim_ex.o
 .debug_aranges
                0x00001158      0x208 ./Drivers/STM32F1xx_HAL_Driver/Src/stm32f1xx_hal_uart.o

.debug_rnglists
                0x00000000      0xf37
 .debug_rnglists
                0x00000000       0x25 ./Core/HARDWARE_LAYER/motor.o
 .debug_rnglists
                0x00000025       0x13 ./Core/HARDWARE_LAYER/reset_data.o
 .debug_rnglists
                0x00000038       0x33 ./Core/Src/Frame.o
 .debug_rnglists
                0x0000006b       0x1f ./Core/Src/SPI.o
 .debug_rnglists
                0x0000008a       0x19 ./Core/Src/eprrom.o
 .debug_rnglists
                0x000000a3       0x92 ./Core/Src/main.o
 .debug_rnglists
                0x00000135       0x72 ./Core/Src/stm32f1xx_hal_msp.o
 .debug_rnglists
                0x000001a7       0x5b ./Core/Src/stm32f1xx_it.o
 .debug_rnglists
                0x00000202       0x13 ./Core/Src/sysmem.o
 .debug_rnglists
                0x00000215       0x1a ./Core/Src/system_stm32f1xx.o
 .debug_rnglists
                0x0000022f       0x19 ./Core/Startup/startup_stm32f103c8tx.o
 .debug_rnglists
                0x00000248       0xa3 ./Drivers/STM32F1xx_HAL_Driver/Src/stm32f1xx_hal.o
 .debug_rnglists
                0x000002eb       0xbc ./Drivers/STM32F1xx_HAL_Driver/Src/stm32f1xx_hal_adc.o
 .debug_rnglists
                0x000003a7       0xbb ./Drivers/STM32F1xx_HAL_Driver/Src/stm32f1xx_hal_cortex.o
 .debug_rnglists
                0x00000462       0x64 ./Drivers/STM32F1xx_HAL_Driver/Src/stm32f1xx_hal_dma.o
 .debug_rnglists
                0x000004c6       0x3f ./Drivers/STM32F1xx_HAL_Driver/Src/stm32f1xx_hal_gpio.o
 .debug_rnglists
                0x00000505      0x23c ./Drivers/STM32F1xx_HAL_Driver/Src/stm32f1xx_hal_i2c.o
 .debug_rnglists
                0x00000741       0x6c ./Drivers/STM32F1xx_HAL_Driver/Src/stm32f1xx_hal_rcc.o
 .debug_rnglists
                0x000007ad       0x21 ./Drivers/STM32F1xx_HAL_Driver/Src/stm32f1xx_hal_rcc_ex.o
 .debug_rnglists
                0x000007ce      0x16e ./Drivers/STM32F1xx_HAL_Driver/Src/stm32f1xx_hal_spi.o
 .debug_rnglists
                0x0000093c      0x31a ./Drivers/STM32F1xx_HAL_Driver/Src/stm32f1xx_hal_tim.o
 .debug_rnglists
                0x00000c56      0x125 ./Drivers/STM32F1xx_HAL_Driver/Src/stm32f1xx_hal_tim_ex.o
 .debug_rnglists
                0x00000d7b      0x1bc ./Drivers/STM32F1xx_HAL_Driver/Src/stm32f1xx_hal_uart.o

.debug_macro    0x00000000     0x36ea
 .debug_macro   0x00000000      0x1d5 ./Core/HARDWARE_LAYER/motor.o
 .debug_macro   0x000001d5      0x1df ./Core/HARDWARE_LAYER/reset_data.o
 .debug_macro   0x000003b4      0x2d7 ./Core/Src/Frame.o
 .debug_macro   0x0000068b       0x61 ./Core/Src/Frame.o
 .debug_macro   0x000006ec       0x24 ./Core/Src/Frame.o
 .debug_macro   0x00000710       0x43 ./Core/Src/Frame.o
 .debug_macro   0x00000753       0x34 ./Core/Src/Frame.o
 .debug_macro   0x00000787       0x16 ./Core/Src/Frame.o
 .debug_macro   0x0000079d       0x43 ./Core/Src/Frame.o
 .debug_macro   0x000007e0       0x34 ./Core/Src/Frame.o
 .debug_macro   0x00000814       0x10 ./Core/Src/Frame.o
 .debug_macro   0x00000824       0x58 ./Core/Src/Frame.o
 .debug_macro   0x0000087c       0x8e ./Core/Src/Frame.o
 .debug_macro   0x0000090a       0x1c ./Core/Src/Frame.o
 .debug_macro   0x00000926      0x177 ./Core/Src/Frame.o
 .debug_macro   0x00000a9d      0x369 ./Core/Src/Frame.o
 .debug_macro   0x00000e06       0x10 ./Core/Src/Frame.o
 .debug_macro   0x00000e16       0x35 ./Core/Src/Frame.o
 .debug_macro   0x00000e4b       0x20 ./Core/Src/Frame.o
 .debug_macro   0x00000e6b       0x16 ./Core/Src/Frame.o
 .debug_macro   0x00000e81       0x16 ./Core/Src/Frame.o
 .debug_macro   0x00000e97       0x29 ./Core/Src/Frame.o
 .debug_macro   0x00000ec0      0x1d5 ./Core/Src/SPI.o
 .debug_macro   0x00001095      0x1d5 ./Core/Src/eprrom.o
 .debug_macro   0x0000126a      0x387 ./Core/Src/main.o
 .debug_macro   0x000015f1      0x19b ./Core/Src/main.o
 .debug_macro   0x0000178c      0x1da ./Core/Src/stm32f1xx_hal_msp.o
 .debug_macro   0x00001966      0x1e4 ./Core/Src/stm32f1xx_it.o
 .debug_macro   0x00001b4a       0xff ./Core/Src/sysmem.o
 .debug_macro   0x00001c49      0x23c ./Core/Src/sysmem.o
 .debug_macro   0x00001e85      0x1cb ./Core/Src/system_stm32f1xx.o
 .debug_macro   0x00002050      0x1ef ./Drivers/STM32F1xx_HAL_Driver/Src/stm32f1xx_hal.o
 .debug_macro   0x0000223f      0x1e8 ./Drivers/STM32F1xx_HAL_Driver/Src/stm32f1xx_hal_adc.o
 .debug_macro   0x00002427      0x1cb ./Drivers/STM32F1xx_HAL_Driver/Src/stm32f1xx_hal_cortex.o
 .debug_macro   0x000025f2      0x1cb ./Drivers/STM32F1xx_HAL_Driver/Src/stm32f1xx_hal_dma.o
 .debug_macro   0x000027bd      0x236 ./Drivers/STM32F1xx_HAL_Driver/Src/stm32f1xx_hal_gpio.o
 .debug_macro   0x000029f3      0x219 ./Drivers/STM32F1xx_HAL_Driver/Src/stm32f1xx_hal_i2c.o
 .debug_macro   0x00002c0c      0x1dd ./Drivers/STM32F1xx_HAL_Driver/Src/stm32f1xx_hal_rcc.o
 .debug_macro   0x00002de9      0x1cb ./Drivers/STM32F1xx_HAL_Driver/Src/stm32f1xx_hal_rcc_ex.o
 .debug_macro   0x00002fb4      0x1d3 ./Drivers/STM32F1xx_HAL_Driver/Src/stm32f1xx_hal_spi.o
 .debug_macro   0x00003187      0x1cc ./Drivers/STM32F1xx_HAL_Driver/Src/stm32f1xx_hal_tim.o
 .debug_macro   0x00003353      0x1cb ./Drivers/STM32F1xx_HAL_Driver/Src/stm32f1xx_hal_tim_ex.o
 .debug_macro   0x0000351e      0x1cc ./Drivers/STM32F1xx_HAL_Driver/Src/stm32f1xx_hal_uart.o

.debug_line     0x00000000    0x18319
 .debug_line    0x00000000      0x7ae ./Core/HARDWARE_LAYER/motor.o
 .debug_line    0x000007ae      0x77c ./Core/HARDWARE_LAYER/reset_data.o
 .debug_line    0x00000f2a      0xcdb ./Core/Src/Frame.o
 .debug_line    0x00001c05      0x7a4 ./Core/Src/SPI.o
 .debug_line    0x000023a9      0x75e ./Core/Src/eprrom.o
 .debug_line    0x00002b07      0xf7a ./Core/Src/main.o
 .debug_line    0x00003a81      0x9bc ./Core/Src/stm32f1xx_hal_msp.o
 .debug_line    0x0000443d      0x876 ./Core/Src/stm32f1xx_it.o
 .debug_line    0x00004cb3      0x666 ./Core/Src/sysmem.o
 .debug_line    0x00005319      0x7d2 ./Core/Src/system_stm32f1xx.o
 .debug_line    0x00005aeb       0x78 ./Core/Startup/startup_stm32f103c8tx.o
 .debug_line    0x00005b63      0x9ff ./Drivers/STM32F1xx_HAL_Driver/Src/stm32f1xx_hal.o
 .debug_line    0x00006562     0x107c ./Drivers/STM32F1xx_HAL_Driver/Src/stm32f1xx_hal_adc.o
 .debug_line    0x000075de      0xbeb ./Drivers/STM32F1xx_HAL_Driver/Src/stm32f1xx_hal_cortex.o
 .debug_line    0x000081c9      0xe58 ./Drivers/STM32F1xx_HAL_Driver/Src/stm32f1xx_hal_dma.o
 .debug_line    0x00009021      0xa98 ./Drivers/STM32F1xx_HAL_Driver/Src/stm32f1xx_hal_gpio.o
 .debug_line    0x00009ab9     0x3c9c ./Drivers/STM32F1xx_HAL_Driver/Src/stm32f1xx_hal_i2c.o
 .debug_line    0x0000d755      0xe08 ./Drivers/STM32F1xx_HAL_Driver/Src/stm32f1xx_hal_rcc.o
 .debug_line    0x0000e55d      0x949 ./Drivers/STM32F1xx_HAL_Driver/Src/stm32f1xx_hal_rcc_ex.o
 .debug_line    0x0000eea6     0x1d23 ./Drivers/STM32F1xx_HAL_Driver/Src/stm32f1xx_hal_spi.o
 .debug_line    0x00010bc9     0x3524 ./Drivers/STM32F1xx_HAL_Driver/Src/stm32f1xx_hal_tim.o
 .debug_line    0x000140ed     0x194e ./Drivers/STM32F1xx_HAL_Driver/Src/stm32f1xx_hal_tim_ex.o
 .debug_line    0x00015a3b     0x28de ./Drivers/STM32F1xx_HAL_Driver/Src/stm32f1xx_hal_uart.o

.debug_str      0x00000000    0x93f55
 .debug_str     0x00000000    0x8b03d ./Core/HARDWARE_LAYER/motor.o
                              0x8b449 (size before relaxing)
 .debug_str     0x0008b03d       0x42 ./Core/HARDWARE_LAYER/reset_data.o
                              0x8b399 (size before relaxing)
 .debug_str     0x0008b07f     0x32d8 ./Core/Src/Frame.o
                              0x8e09f (size before relaxing)
 .debug_str     0x0008e357      0x20f ./Core/Src/SPI.o
                              0x8b23c (size before relaxing)
 .debug_str     0x0008e566      0x2a4 ./Core/Src/eprrom.o
                              0x8b2ad (size before relaxing)
 .debug_str     0x0008e80a     0x170b ./Core/Src/main.o
                              0x90398 (size before relaxing)
 .debug_str     0x0008ff15      0x1d6 ./Core/Src/stm32f1xx_hal_msp.o
                              0x8bfd9 (size before relaxing)
 .debug_str     0x000900eb      0x157 ./Core/Src/stm32f1xx_it.o
                              0x8b63d (size before relaxing)
 .debug_str     0x00090242      0x4dc ./Core/Src/sysmem.o
                               0x607b (size before relaxing)
 .debug_str     0x0009071e       0x7e ./Core/Src/system_stm32f1xx.o
                              0x8ae49 (size before relaxing)
 .debug_str     0x0009079c       0x44 ./Core/Startup/startup_stm32f103c8tx.o
                                 0x86 (size before relaxing)
 .debug_str     0x000907e0      0x384 ./Drivers/STM32F1xx_HAL_Driver/Src/stm32f1xx_hal.o
                              0x8b57c (size before relaxing)
 .debug_str     0x00090b64      0x38e ./Drivers/STM32F1xx_HAL_Driver/Src/stm32f1xx_hal_adc.o
                              0x8b52d (size before relaxing)
 .debug_str     0x00090ef2      0x28a ./Drivers/STM32F1xx_HAL_Driver/Src/stm32f1xx_hal_cortex.o
                              0x8b4c8 (size before relaxing)
 .debug_str     0x0009117c      0x1e7 ./Drivers/STM32F1xx_HAL_Driver/Src/stm32f1xx_hal_dma.o
                              0x8b1f2 (size before relaxing)
 .debug_str     0x00091363      0x2ce ./Drivers/STM32F1xx_HAL_Driver/Src/stm32f1xx_hal_gpio.o
                              0x8b1cf (size before relaxing)
 .debug_str     0x00091631      0xb79 ./Drivers/STM32F1xx_HAL_Driver/Src/stm32f1xx_hal_i2c.o
                              0x8bf10 (size before relaxing)
 .debug_str     0x000921aa      0x209 ./Drivers/STM32F1xx_HAL_Driver/Src/stm32f1xx_hal_rcc.o
                              0x8b278 (size before relaxing)
 .debug_str     0x000923b3       0x84 ./Drivers/STM32F1xx_HAL_Driver/Src/stm32f1xx_hal_rcc_ex.o
                              0x8afc8 (size before relaxing)
 .debug_str     0x00092437      0x510 ./Drivers/STM32F1xx_HAL_Driver/Src/stm32f1xx_hal_spi.o
                              0x8b76f (size before relaxing)
 .debug_str     0x00092947      0xbf2 ./Drivers/STM32F1xx_HAL_Driver/Src/stm32f1xx_hal_tim.o
                              0x8c27a (size before relaxing)
 .debug_str     0x00093539      0x493 ./Drivers/STM32F1xx_HAL_Driver/Src/stm32f1xx_hal_tim_ex.o
                              0x8ba86 (size before relaxing)
 .debug_str     0x000939cc      0x589 ./Drivers/STM32F1xx_HAL_Driver/Src/stm32f1xx_hal_uart.o
                              0x8b8e9 (size before relaxing)

.comment        0x00000000       0x43
 .comment       0x00000000       0x43 ./Core/HARDWARE_LAYER/motor.o
                                 0x44 (size before relaxing)
 .comment       0x00000043       0x44 ./Core/HARDWARE_LAYER/reset_data.o
 .comment       0x00000043       0x44 ./Core/Src/Frame.o
 .comment       0x00000043       0x44 ./Core/Src/SPI.o
 .comment       0x00000043       0x44 ./Core/Src/eprrom.o
 .comment       0x00000043       0x44 ./Core/Src/main.o
 .comment       0x00000043       0x44 ./Core/Src/stm32f1xx_hal_msp.o
 .comment       0x00000043       0x44 ./Core/Src/stm32f1xx_it.o
 .comment       0x00000043       0x44 ./Core/Src/sysmem.o
 .comment       0x00000043       0x44 ./Core/Src/system_stm32f1xx.o
 .comment       0x00000043       0x44 ./Drivers/STM32F1xx_HAL_Driver/Src/stm32f1xx_hal.o
 .comment       0x00000043       0x44 ./Drivers/STM32F1xx_HAL_Driver/Src/stm32f1xx_hal_adc.o
 .comment       0x00000043       0x44 ./Drivers/STM32F1xx_HAL_Driver/Src/stm32f1xx_hal_cortex.o
 .comment       0x00000043       0x44 ./Drivers/STM32F1xx_HAL_Driver/Src/stm32f1xx_hal_dma.o
 .comment       0x00000043       0x44 ./Drivers/STM32F1xx_HAL_Driver/Src/stm32f1xx_hal_gpio.o
 .comment       0x00000043       0x44 ./Drivers/STM32F1xx_HAL_Driver/Src/stm32f1xx_hal_i2c.o
 .comment       0x00000043       0x44 ./Drivers/STM32F1xx_HAL_Driver/Src/stm32f1xx_hal_rcc.o
 .comment       0x00000043       0x44 ./Drivers/STM32F1xx_HAL_Driver/Src/stm32f1xx_hal_rcc_ex.o
 .comment       0x00000043       0x44 ./Drivers/STM32F1xx_HAL_Driver/Src/stm32f1xx_hal_spi.o
 .comment       0x00000043       0x44 ./Drivers/STM32F1xx_HAL_Driver/Src/stm32f1xx_hal_tim.o
 .comment       0x00000043       0x44 ./Drivers/STM32F1xx_HAL_Driver/Src/stm32f1xx_hal_tim_ex.o
 .comment       0x00000043       0x44 ./Drivers/STM32F1xx_HAL_Driver/Src/stm32f1xx_hal_uart.o

.debug_frame    0x00000000     0x5664
 .debug_frame   0x00000000       0xa0 ./Core/HARDWARE_LAYER/motor.o
 .debug_frame   0x000000a0       0x38 ./Core/HARDWARE_LAYER/reset_data.o
 .debug_frame   0x000000d8       0xfc ./Core/Src/Frame.o
 .debug_frame   0x000001d4       0x74 ./Core/Src/SPI.o
 .debug_frame   0x00000248       0x58 ./Core/Src/eprrom.o
 .debug_frame   0x000002a0      0x2c4 ./Core/Src/main.o
 .debug_frame   0x00000564      0x25c ./Core/Src/stm32f1xx_hal_msp.o
 .debug_frame   0x000007c0      0x174 ./Core/Src/stm32f1xx_it.o
 .debug_frame   0x00000934       0x34 ./Core/Src/sysmem.o
 .debug_frame   0x00000968       0x58 ./Core/Src/system_stm32f1xx.o
 .debug_frame   0x000009c0      0x334 ./Drivers/STM32F1xx_HAL_Driver/Src/stm32f1xx_hal.o
 .debug_frame   0x00000cf4      0x40c ./Drivers/STM32F1xx_HAL_Driver/Src/stm32f1xx_hal_adc.o
 .debug_frame   0x00001100      0x428 ./Drivers/STM32F1xx_HAL_Driver/Src/stm32f1xx_hal_cortex.o
 .debug_frame   0x00001528      0x208 ./Drivers/STM32F1xx_HAL_Driver/Src/stm32f1xx_hal_dma.o
 .debug_frame   0x00001730      0x14c ./Drivers/STM32F1xx_HAL_Driver/Src/stm32f1xx_hal_gpio.o
 .debug_frame   0x0000187c      0xc84 ./Drivers/STM32F1xx_HAL_Driver/Src/stm32f1xx_hal_i2c.o
 .debug_frame   0x00002500      0x218 ./Drivers/STM32F1xx_HAL_Driver/Src/stm32f1xx_hal_rcc.o
 .debug_frame   0x00002718       0x80 ./Drivers/STM32F1xx_HAL_Driver/Src/stm32f1xx_hal_rcc_ex.o
 .debug_frame   0x00002798      0x824 ./Drivers/STM32F1xx_HAL_Driver/Src/stm32f1xx_hal_spi.o
 .debug_frame   0x00002fbc     0x11b8 ./Drivers/STM32F1xx_HAL_Driver/Src/stm32f1xx_hal_tim.o
 .debug_frame   0x00004174      0x638 ./Drivers/STM32F1xx_HAL_Driver/Src/stm32f1xx_hal_tim_ex.o
 .debug_frame   0x000047ac      0x944 ./Drivers/STM32F1xx_HAL_Driver/Src/stm32f1xx_hal_uart.o
 .debug_frame   0x000050f0       0x20 D:/STM32CUBEIDE/STM32CubeIDE_1.17.0/STM32CubeIDE/plugins/com.st.stm32cube.ide.mcu.externaltools.gnu-tools-for-stm32.12.3.rel1.win32_1.1.0.202410251130/tools/bin/../lib/gcc/arm-none-eabi/12.3.1/../../../../arm-none-eabi/lib/thumb/v7-m/nofp\libc_nano.a(libc_a-calloc.o)
 .debug_frame   0x00005110       0x2c D:/STM32CUBEIDE/STM32CubeIDE_1.17.0/STM32CubeIDE/plugins/com.st.stm32cube.ide.mcu.externaltools.gnu-tools-for-stm32.12.3.rel1.win32_1.1.0.202410251130/tools/bin/../lib/gcc/arm-none-eabi/12.3.1/../../../../arm-none-eabi/lib/thumb/v7-m/nofp\libc_nano.a(libc_a-callocr.o)
 .debug_frame   0x0000513c       0x30 D:/STM32CUBEIDE/STM32CubeIDE_1.17.0/STM32CubeIDE/plugins/com.st.stm32cube.ide.mcu.externaltools.gnu-tools-for-stm32.12.3.rel1.win32_1.1.0.202410251130/tools/bin/../lib/gcc/arm-none-eabi/12.3.1/../../../../arm-none-eabi/lib/thumb/v7-m/nofp\libc_nano.a(libc_a-malloc.o)
 .debug_frame   0x0000516c       0x50 D:/STM32CUBEIDE/STM32CubeIDE_1.17.0/STM32CubeIDE/plugins/com.st.stm32cube.ide.mcu.externaltools.gnu-tools-for-stm32.12.3.rel1.win32_1.1.0.202410251130/tools/bin/../lib/gcc/arm-none-eabi/12.3.1/../../../../arm-none-eabi/lib/thumb/v7-m/nofp\libc_nano.a(libc_a-mallocr.o)
 .debug_frame   0x000051bc       0x30 D:/STM32CUBEIDE/STM32CubeIDE_1.17.0/STM32CubeIDE/plugins/com.st.stm32cube.ide.mcu.externaltools.gnu-tools-for-stm32.12.3.rel1.win32_1.1.0.202410251130/tools/bin/../lib/gcc/arm-none-eabi/12.3.1/../../../../arm-none-eabi/lib/thumb/v7-m/nofp\libc_nano.a(libc_a-mlock.o)
 .debug_frame   0x000051ec      0x144 D:/STM32CUBEIDE/STM32CubeIDE_1.17.0/STM32CubeIDE/plugins/com.st.stm32cube.ide.mcu.externaltools.gnu-tools-for-stm32.12.3.rel1.win32_1.1.0.202410251130/tools/bin/../lib/gcc/arm-none-eabi/12.3.1/../../../../arm-none-eabi/lib/thumb/v7-m/nofp\libc_nano.a(libc_a-findfp.o)
 .debug_frame   0x00005330       0x20 D:/STM32CUBEIDE/STM32CubeIDE_1.17.0/STM32CubeIDE/plugins/com.st.stm32cube.ide.mcu.externaltools.gnu-tools-for-stm32.12.3.rel1.win32_1.1.0.202410251130/tools/bin/../lib/gcc/arm-none-eabi/12.3.1/../../../../arm-none-eabi/lib/thumb/v7-m/nofp\libc_nano.a(libc_a-memset.o)
 .debug_frame   0x00005350       0x38 D:/STM32CUBEIDE/STM32CubeIDE_1.17.0/STM32CubeIDE/plugins/com.st.stm32cube.ide.mcu.externaltools.gnu-tools-for-stm32.12.3.rel1.win32_1.1.0.202410251130/tools/bin/../lib/gcc/arm-none-eabi/12.3.1/../../../../arm-none-eabi/lib/thumb/v7-m/nofp\libc_nano.a(libc_a-reent.o)
 .debug_frame   0x00005388       0x2c D:/STM32CUBEIDE/STM32CubeIDE_1.17.0/STM32CubeIDE/plugins/com.st.stm32cube.ide.mcu.externaltools.gnu-tools-for-stm32.12.3.rel1.win32_1.1.0.202410251130/tools/bin/../lib/gcc/arm-none-eabi/12.3.1/../../../../arm-none-eabi/lib/thumb/v7-m/nofp\libc_nano.a(libc_a-sbrkr.o)
 .debug_frame   0x000053b4       0x20 D:/STM32CUBEIDE/STM32CubeIDE_1.17.0/STM32CubeIDE/plugins/com.st.stm32cube.ide.mcu.externaltools.gnu-tools-for-stm32.12.3.rel1.win32_1.1.0.202410251130/tools/bin/../lib/gcc/arm-none-eabi/12.3.1/../../../../arm-none-eabi/lib/thumb/v7-m/nofp\libc_nano.a(libc_a-errno.o)
 .debug_frame   0x000053d4       0x2c D:/STM32CUBEIDE/STM32CubeIDE_1.17.0/STM32CubeIDE/plugins/com.st.stm32cube.ide.mcu.externaltools.gnu-tools-for-stm32.12.3.rel1.win32_1.1.0.202410251130/tools/bin/../lib/gcc/arm-none-eabi/12.3.1/../../../../arm-none-eabi/lib/thumb/v7-m/nofp\libc_nano.a(libc_a-init.o)
 .debug_frame   0x00005400       0xb0 D:/STM32CUBEIDE/STM32CubeIDE_1.17.0/STM32CubeIDE/plugins/com.st.stm32cube.ide.mcu.externaltools.gnu-tools-for-stm32.12.3.rel1.win32_1.1.0.202410251130/tools/bin/../lib/gcc/arm-none-eabi/12.3.1/../../../../arm-none-eabi/lib/thumb/v7-m/nofp\libc_nano.a(libc_a-lock.o)
 .debug_frame   0x000054b0       0x28 D:/STM32CUBEIDE/STM32CubeIDE_1.17.0/STM32CubeIDE/plugins/com.st.stm32cube.ide.mcu.externaltools.gnu-tools-for-stm32.12.3.rel1.win32_1.1.0.202410251130/tools/bin/../lib/gcc/arm-none-eabi/12.3.1/../../../../arm-none-eabi/lib/thumb/v7-m/nofp\libc_nano.a(libc_a-memcpy-stub.o)
 .debug_frame   0x000054d8       0x38 D:/STM32CUBEIDE/STM32CubeIDE_1.17.0/STM32CubeIDE/plugins/com.st.stm32cube.ide.mcu.externaltools.gnu-tools-for-stm32.12.3.rel1.win32_1.1.0.202410251130/tools/bin/../lib/gcc/arm-none-eabi/12.3.1/../../../../arm-none-eabi/lib/thumb/v7-m/nofp\libc_nano.a(libc_a-freer.o)
 .debug_frame   0x00005510       0xac D:/STM32CUBEIDE/STM32CubeIDE_1.17.0/STM32CubeIDE/plugins/com.st.stm32cube.ide.mcu.externaltools.gnu-tools-for-stm32.12.3.rel1.win32_1.1.0.202410251130/tools/bin/../lib/gcc/arm-none-eabi/12.3.1/thumb/v7-m/nofp\libgcc.a(_arm_addsubdf3.o)
 .debug_frame   0x000055bc       0x4c D:/STM32CUBEIDE/STM32CubeIDE_1.17.0/STM32CubeIDE/plugins/com.st.stm32cube.ide.mcu.externaltools.gnu-tools-for-stm32.12.3.rel1.win32_1.1.0.202410251130/tools/bin/../lib/gcc/arm-none-eabi/12.3.1/thumb/v7-m/nofp\libgcc.a(_arm_addsubsf3.o)
 .debug_frame   0x00005608       0x38 D:/STM32CUBEIDE/STM32CubeIDE_1.17.0/STM32CubeIDE/plugins/com.st.stm32cube.ide.mcu.externaltools.gnu-tools-for-stm32.12.3.rel1.win32_1.1.0.202410251130/tools/bin/../lib/gcc/arm-none-eabi/12.3.1/thumb/v7-m/nofp\libgcc.a(_arm_muldivsf3.o)
 .debug_frame   0x00005640       0x24 D:/STM32CUBEIDE/STM32CubeIDE_1.17.0/STM32CubeIDE/plugins/com.st.stm32cube.ide.mcu.externaltools.gnu-tools-for-stm32.12.3.rel1.win32_1.1.0.202410251130/tools/bin/../lib/gcc/arm-none-eabi/12.3.1/thumb/v7-m/nofp\libgcc.a(_arm_fixunssfsi.o)

.debug_line_str
                0x00000000       0x6a
 .debug_line_str
                0x00000000       0x6a ./Core/Startup/startup_stm32f103c8tx.o
